Component: ARM Compiler 5.06 update 7 (build 960) Tool: armlink [4d3601]

==============================================================================

Section Cross References

    main.o(i.camera_new_pathname) refers to printfa.o(i.__0sprintf) for __2sprintf
    main.o(i.camera_new_pathname) refers to ff.o(i.f_open) for f_open
    main.o(i.camera_new_pathname) refers to exfuns.o(.data) for ftemp
    main.o(i.jpeg_data_process) refers to main.o(.data) for .data
    main.o(i.main) refers to sys.o(i.Cache_Enable) for Cache_Enable
    main.o(i.main) refers to mpu.o(i.MPU_Memory_Protection) for MPU_Memory_Protection
    main.o(i.main) refers to stm32f7xx_hal.o(i.HAL_Init) for HAL_Init
    main.o(i.main) refers to sys.o(i.Stm32_Clock_Init) for Stm32_Clock_Init
    main.o(i.main) refers to delay.o(i.delay_init) for delay_init
    main.o(i.main) refers to usart.o(i.uart_init) for uart_init
    main.o(i.main) refers to led.o(i.LED_Init) for LED_Init
    main.o(i.main) refers to key.o(i.KEY_Init) for KEY_Init
    main.o(i.main) refers to sdram.o(i.SDRAM_Init) for SDRAM_Init
    main.o(i.main) refers to lcd.o(i.LCD_Init) for LCD_Init
    main.o(i.main) refers to ov2640.o(i.OV2640_Init) for OV2640_Init
    main.o(i.main) refers to ov2640.o(i.OV2640_PWDN_Set) for OV2640_PWDN_Set
    main.o(i.main) refers to stm32f7xx_hal_gpio.o(i.HAL_GPIO_Init) for HAL_GPIO_Init
    main.o(i.main) refers to pcf8574.o(i.PCF8574_Init) for PCF8574_Init
    main.o(i.main) refers to w25qxx.o(i.W25QXX_Init) for W25QXX_Init
    main.o(i.main) refers to malloc.o(i.my_mem_init) for my_mem_init
    main.o(i.main) refers to exfuns.o(i.exfuns_init) for exfuns_init
    main.o(i.main) refers to ff.o(i.f_mount) for f_mount
    main.o(i.main) refers to fontupd.o(i.font_init) for font_init
    main.o(i.main) refers to lcd.o(i.LCD_ShowString) for LCD_ShowString
    main.o(i.main) refers to delay.o(i.delay_ms) for delay_ms
    main.o(i.main) refers to lcd.o(i.LCD_Fill) for LCD_Fill
    main.o(i.main) refers to text.o(i.Show_Str) for Show_Str
    main.o(i.main) refers to ff.o(i.f_mkdir) for f_mkdir
    main.o(i.main) refers to dcmi.o(i.DCMI_Init) for DCMI_Init
    main.o(i.main) refers to ov2640.o(i.OV2640_RGB565_Mode) for OV2640_RGB565_Mode
    main.o(i.main) refers to ov2640.o(i.OV2640_Light_Mode) for OV2640_Light_Mode
    main.o(i.main) refers to ov2640.o(i.OV2640_Color_Saturation) for OV2640_Color_Saturation
    main.o(i.main) refers to ov2640.o(i.OV2640_Brightness) for OV2640_Brightness
    main.o(i.main) refers to ov2640.o(i.OV2640_Contrast) for OV2640_Contrast
    main.o(i.main) refers to ov2640.o(i.OV2640_ImageWin_Set) for OV2640_ImageWin_Set
    main.o(i.main) refers to ov2640.o(i.OV2640_OutSize_Set) for OV2640_OutSize_Set
    main.o(i.main) refers to dcmi.o(i.DCMI_DMA_Init) for DCMI_DMA_Init
    main.o(i.main) refers to lcd.o(i.LCD_Clear) for LCD_Clear
    main.o(i.main) refers to dcmi.o(i.DCMI_Start) for DCMI_Start
    main.o(i.main) refers to printfa.o(i.__0printf) for __2printf
    main.o(i.main) refers to usmart_config.o(.data) for usmart_dev
    main.o(i.main) refers to lcd.o(.data) for POINT_COLOR
    main.o(i.main) refers to exfuns.o(.bss) for fs
    main.o(i.main) refers to main.o(i.rgblcd_dcmi_rx_callback) for rgblcd_dcmi_rx_callback
    main.o(i.main) refers to dcmi.o(.data) for dcmi_rx_callback
    main.o(i.main) refers to main.o(.bss) for .bss
    main.o(i.main) refers to main.o(.data) for .data
    main.o(i.rgblcd_dcmi_rx_callback) refers to memcpya.o(.text) for __aeabi_memcpy
    main.o(i.rgblcd_dcmi_rx_callback) refers to ltdc.o(i.LTDC_Color_Fill) for LTDC_Color_Fill
    main.o(i.rgblcd_dcmi_rx_callback) refers to dcmi.o(.bss) for DMADMCI_Handler
    main.o(i.rgblcd_dcmi_rx_callback) refers to main.o(.bss) for .bss
    main.o(i.rgblcd_dcmi_rx_callback) refers to main.o(.data) for .data
    main.o(i.rgblcd_dcmi_rx_callback) refers to lcd.o(.bss) for lcddev
    main.o(i.sw_ov2640_mode) refers to ov2640.o(i.OV2640_PWDN_Set) for OV2640_PWDN_Set
    main.o(i.sw_ov2640_mode) refers to stm32f7xx_hal_gpio.o(i.HAL_GPIO_Init) for HAL_GPIO_Init
    main.o(i.sw_sdcard_mode) refers to ov2640.o(i.OV2640_PWDN_Set) for OV2640_PWDN_Set
    main.o(i.sw_sdcard_mode) refers to stm32f7xx_hal_gpio.o(i.HAL_GPIO_Init) for HAL_GPIO_Init
    stm32f7xx_it.o(i.SysTick_Handler) refers to stm32f7xx_hal.o(i.HAL_IncTick) for HAL_IncTick
    system_stm32f7xx.o(i.SystemCoreClockUpdate) refers to system_stm32f7xx.o(.data) for .data
    system_stm32f7xx.o(i.SystemCoreClockUpdate) refers to system_stm32f7xx.o(.constdata) for .constdata
    startup_stm32f767xx.o(RESET) refers to startup_stm32f767xx.o(STACK) for __initial_sp
    startup_stm32f767xx.o(RESET) refers to startup_stm32f767xx.o(.text) for Reset_Handler
    startup_stm32f767xx.o(RESET) refers to stm32f7xx_it.o(i.NMI_Handler) for NMI_Handler
    startup_stm32f767xx.o(RESET) refers to stm32f7xx_it.o(i.HardFault_Handler) for HardFault_Handler
[...]
    SDMMC1_IRQHandler                        0x0800023b   Thumb Code     0  startup_stm32f767xx.o(.text)
    SDMMC2_IRQHandler                        0x0800023b   Thumb Code     0  startup_stm32f767xx.o(.text)
    SPDIF_RX_IRQHandler                      0x0800023b   Thumb Code     0  startup_stm32f767xx.o(.text)
    SPI1_IRQHandler                          0x0800023b   Thumb Code     0  startup_stm32f767xx.o(.text)
    SPI2_IRQHandler                          0x0800023b   Thumb Code     0  startup_stm32f767xx.o(.text)
    SPI3_IRQHandler                          0x0800023b   Thumb Code     0  startup_stm32f767xx.o(.text)
    SPI4_IRQHandler                          0x0800023b   Thumb Code     0  startup_stm32f767xx.o(.text)
    SPI5_IRQHandler                          0x0800023b   Thumb Code     0  startup_stm32f767xx.o(.text)
    SPI6_IRQHandler                          0x0800023b   Thumb Code     0  startup_stm32f767xx.o(.text)
    TAMP_STAMP_IRQHandler                    0x0800023b   Thumb Code     0  startup_stm32f767xx.o(.text)
    TIM1_BRK_TIM9_IRQHandler                 0x0800023b   Thumb Code     0  startup_stm32f767xx.o(.text)
    TIM1_CC_IRQHandler                       0x0800023b   Thumb Code     0  startup_stm32f767xx.o(.text)
    TIM1_TRG_COM_TIM11_IRQHandler            0x0800023b   Thumb Code     0  startup_stm32f767xx.o(.text)
    TIM1_UP_TIM10_IRQHandler                 0x0800023b   Thumb Code     0  startup_stm32f767xx.o(.text)
    TIM2_IRQHandler                          0x0800023b   Thumb Code     0  startup_stm32f767xx.o(.text)
    TIM5_IRQHandler                          0x0800023b   Thumb Code     0  startup_stm32f767xx.o(.text)
    TIM6_DAC_IRQHandler                      0x0800023b   Thumb Code     0  startup_stm32f767xx.o(.text)
    TIM7_IRQHandler                          0x0800023b   Thumb Code     0  startup_stm32f767xx.o(.text)
    TIM8_BRK_TIM12_IRQHandler                0x0800023b   Thumb Code     0  startup_stm32f767xx.o(.text)
    TIM8_CC_IRQHandler                       0x0800023b   Thumb Code     0  startup_stm32f767xx.o(.text)
    TIM8_TRG_COM_TIM14_IRQHandler            0x0800023b   Thumb Code     0  startup_stm32f767xx.o(.text)
    TIM8_UP_TIM13_IRQHandler                 0x0800023b   Thumb Code     0  startup_stm32f767xx.o(.text)
    UART4_IRQHandler                         0x0800023b   Thumb Code     0  startup_stm32f767xx.o(.text)
    UART5_IRQHandler                         0x0800023b   Thumb Code     0  startup_stm32f767xx.o(.text)
    UART7_IRQHandler                         0x0800023b   Thumb Code     0  startup_stm32f767xx.o(.text)
    UART8_IRQHandler                         0x0800023b   Thumb Code     0  startup_stm32f767xx.o(.text)
    USART2_IRQHandler                        0x0800023b   Thumb Code     0  startup_stm32f767xx.o(.text)
    USART3_IRQHandler                        0x0800023b   Thumb Code     0  startup_stm32f767xx.o(.text)
    USART6_IRQHandler                        0x0800023b   Thumb Code     0  startup_stm32f767xx.o(.text)
    WWDG_IRQHandler                          0x0800023b   Thumb Code     0  startup_stm32f767xx.o(.text)
    __aeabi_uldivmod                         0x08000245   Thumb Code    98  uldiv.o(.text)
    __aeabi_memcpy                           0x080002a7   Thumb Code    36  memcpya.o(.text)
    __aeabi_memcpy4                          0x080002a7   Thumb Code     0  memcpya.o(.text)
    __aeabi_memcpy8                          0x080002a7   Thumb Code     0  memcpya.o(.text)
    __aeabi_memset                           0x080002cb   Thumb Code    14  memseta.o(.text)
    __aeabi_memset4                          0x080002cb   Thumb Code     0  memseta.o(.text)
    __aeabi_memset8                          0x080002cb   Thumb Code     0  memseta.o(.text)
    __aeabi_memclr                           0x080002d9   Thumb Code     4  memseta.o(.text)
    __aeabi_memclr4                          0x080002d9   Thumb Code     0  memseta.o(.text)
    __aeabi_memclr8                          0x080002d9   Thumb Code     0  memseta.o(.text)
    _memset$wrapper                          0x080002dd   Thumb Code    18  memseta.o(.text)
    __aeabi_dmul                             0x080002ef   Thumb Code   228  dmul.o(.text)
    __aeabi_d2uiz                            0x080003d3   Thumb Code    50  dfixui.o(.text)
    __aeabi_uidiv                            0x08000405   Thumb Code     0  uidiv.o(.text)
    __aeabi_uidivmod                         0x08000405   Thumb Code    44  uidiv.o(.text)
    __aeabi_llsl                             0x08000431   Thumb Code    30  llshl.o(.text)
    _ll_shift_l                              0x08000431   Thumb Code     0  llshl.o(.text)
    __aeabi_llsr                             0x0800044f   Thumb Code    32  llushr.o(.text)
    _ll_ushift_r                             0x0800044f   Thumb Code     0  llushr.o(.text)
    __I$use$fp                               0x0800046f   Thumb Code     0  iusefp.o(.text)
    _double_round                            0x0800046f   Thumb Code    30  depilogue.o(.text)
    _double_epilogue                         0x0800048d   Thumb Code   156  depilogue.o(.text)
    __aeabi_dadd                             0x08000529   Thumb Code   322  dadd.o(.text)
    __aeabi_dsub                             0x0800066b   Thumb Code     6  dadd.o(.text)
    __aeabi_drsub                            0x08000671   Thumb Code     6  dadd.o(.text)
    __aeabi_ddiv                             0x08000677   Thumb Code   222  ddiv.o(.text)
    __aeabi_d2ulz                            0x08000755   Thumb Code    48  dfixul.o(.text)
    __aeabi_cdrcmple                         0x08000785   Thumb Code    48  cdrcmple.o(.text)
    __scatterload                            0x080007b5   Thumb Code    28  init.o(.text)
    __scatterload_rt2                        0x080007b5   Thumb Code     0  init.o(.text)
    __aeabi_lasr                             0x080007d9   Thumb Code    36  llsshr.o(.text)
    _ll_sshift_r                             0x080007d9   Thumb Code     0  llsshr.o(.text)
    __decompress                             0x080007fd   Thumb Code     0  __dczerorl2.o(.text)
    __decompress1                            0x080007fd   Thumb Code    86  __dczerorl2.o(.text)
    BusFault_Handler                         0x08000853   Thumb Code     2  stm32f7xx_it.o(i.BusFault_Handler)
    Cache_Enable                             0x08000855   Thumb Code   108  sys.o(i.Cache_Enable)
    DCMI_CR_Set                              0x080008d1   Thumb Code    58  dcmi.o(i.DCMI_CR_Set)
    DCMI_DMA_Init                            0x08000935   Thumb Code   174  dcmi.o(i.DCMI_DMA_Init)
    DCMI_IRQHandler                          0x080009f5   Thumb Code     6  dcmi.o(i.DCMI_IRQHandler)
    DCMI_Init                                0x08000a01   Thumb Code    62  dcmi.o(i.DCMI_Init)
    DCMI_Set_Window                          0x08000a49   Thumb Code   114  dcmi.o(i.DCMI_Set_Window)
    DCMI_Start                               0x08000ac5   Thumb Code    38  dcmi.o(i.DCMI_Start)
    DMA2_Stream1_IRQHandler                  0x08000af5   Thumb Code   112  dcmi.o(i.DMA2_Stream1_IRQHandler)
    DebugMon_Handler                         0x08000b91   Thumb Code     2  stm32f7xx_it.o(i.DebugMon_Handler)
    FMC_NAND_AttributeSpace_Timing_Init      0x08000b93   Thumb Code    36  stm32f7xx_ll_fmc.o(i.FMC_NAND_AttributeSpace_Timing_Init)
    FMC_NAND_CommonSpace_Timing_Init         0x08000bb7   Thumb Code    36  stm32f7xx_ll_fmc.o(i.FMC_NAND_CommonSpace_Timing_Init)
    FMC_NAND_Init                            0x08000bdd   Thumb Code    56  stm32f7xx_ll_fmc.o(i.FMC_NAND_Init)
    FMC_NORSRAM_Extended_Timing_Init         0x08000c19   Thumb Code    66  stm32f7xx_ll_fmc.o(i.FMC_NORSRAM_Extended_Timing_Init)
    FMC_NORSRAM_Init                         0x08000c61   Thumb Code   156  stm32f7xx_ll_fmc.o(i.FMC_NORSRAM_Init)
    FMC_NORSRAM_Timing_Init                  0x08000d01   Thumb Code   106  stm32f7xx_ll_fmc.o(i.FMC_NORSRAM_Timing_Init)
    FMC_SDRAM_Init                           0x08000d71   Thumb Code   100  stm32f7xx_ll_fmc.o(i.FMC_SDRAM_Init)
    FMC_SDRAM_ProgramRefreshRate             0x08000dd5   Thumb Code    12  stm32f7xx_ll_fmc.o(i.FMC_SDRAM_ProgramRefreshRate)
    FMC_SDRAM_SendCommand                    0x08000de1   Thumb Code    82  stm32f7xx_ll_fmc.o(i.FMC_SDRAM_SendCommand)
    FMC_SDRAM_Timing_Init                    0x08000e33   Thumb Code   144  stm32f7xx_ll_fmc.o(i.FMC_SDRAM_Timing_Init)
    FTL_BlockCompare                         0x08000ec5   Thumb Code   188  ftl.o(i.FTL_BlockCompare)
    FTL_CopyAndWriteToBlock                  0x08000fb5   Thumb Code   262  ftl.o(i.FTL_CopyAndWriteToBlock)
    FTL_CreateLUT                            0x080010c1   Thumb Code   202  ftl.o(i.FTL_CreateLUT)
    FTL_FindSamePlaneUnusedBlock             0x080011a9   Thumb Code   184  ftl.o(i.FTL_FindSamePlaneUnusedBlock)
    FTL_Format                               0x08001269   Thumb Code   300  ftl.o(i.FTL_Format)
    FTL_Init                                 0x080013c1   Thumb Code   110  ftl.o(i.FTL_Init)
    FTL_ReadSectors                          0x080014a5   Thumb Code   350  ftl.o(i.FTL_ReadSectors)
    FTL_WriteSectors                         0x08001609   Thumb Code   334  ftl.o(i.FTL_WriteSectors)
    Get_HzMat                                0x0800175d   Thumb Code   216  text.o(i.Get_HzMat)
    HAL_DCMI_DeInit                          0x08001839   Thumb Code    22  stm32f7xx_hal_dcmi.o(i.HAL_DCMI_DeInit)
    HAL_DCMI_ErrorCallback                   0x0800184f   Thumb Code     2  stm32f7xx_hal_dcmi.o(i.HAL_DCMI_ErrorCallback)
    HAL_DCMI_FrameEventCallback              0x08001851   Thumb Code    42  dcmi.o(i.HAL_DCMI_FrameEventCallback)
    HAL_DCMI_IRQHandler                      0x0800188d   Thumb Code   168  stm32f7xx_hal_dcmi.o(i.HAL_DCMI_IRQHandler)
    HAL_DCMI_Init                            0x08001939   Thumb Code   194  stm32f7xx_hal_dcmi.o(i.HAL_DCMI_Init)
    HAL_DCMI_LineEventCallback               0x08001a01   Thumb Code     2  stm32f7xx_hal_dcmi.o(i.HAL_DCMI_LineEventCallback)
    HAL_DCMI_MspDeInit                       0x08001a03   Thumb Code     2  stm32f7xx_hal_dcmi.o(i.HAL_DCMI_MspDeInit)
    HAL_DCMI_MspInit                         0x08001a05   Thumb Code   206  dcmi.o(i.HAL_DCMI_MspInit)
    HAL_DCMI_VsyncEventCallback              0x08001af1   Thumb Code     2  stm32f7xx_hal_dcmi.o(i.HAL_DCMI_VsyncEventCallback)
    HAL_DMAEx_MultiBufferStart               0x08001af3   Thumb Code   124  stm32f7xx_hal_dma_ex.o(i.HAL_DMAEx_MultiBufferStart)
    HAL_DMA_Abort_IT                         0x08001b6f   Thumb Code    36  stm32f7xx_hal_dma.o(i.HAL_DMA_Abort_IT)
    HAL_DMA_DeInit                           0x08001b95   Thumb Code   126  stm32f7xx_hal_dma.o(i.HAL_DMA_DeInit)
    HAL_DMA_Init                             0x08001c1d   Thumb Code   376  stm32f7xx_hal_dma.o(i.HAL_DMA_Init)
    HAL_DMA_Start                            0x08001da1   Thumb Code   108  stm32f7xx_hal_dma.o(i.HAL_DMA_Start)
    HAL_Delay                                0x08001e0d   Thumb Code    22  stm32f7xx_hal.o(i.HAL_Delay)
    HAL_GPIO_Init                            0x08001e25   Thumb Code   580  stm32f7xx_hal_gpio.o(i.HAL_GPIO_Init)
    HAL_GPIO_ReadPin                         0x0800207d   Thumb Code    10  stm32f7xx_hal_gpio.o(i.HAL_GPIO_ReadPin)
    HAL_GPIO_TogglePin                       0x08002087   Thumb Code     8  stm32f7xx_hal_gpio.o(i.HAL_GPIO_TogglePin)
    HAL_GPIO_WritePin                        0x0800208f   Thumb Code    10  stm32f7xx_hal_gpio.o(i.HAL_GPIO_WritePin)
    HAL_GetTick                              0x08002099   Thumb Code     6  stm32f7xx_hal.o(i.HAL_GetTick)
    HAL_IncTick                              0x080020a5   Thumb Code    10  stm32f7xx_hal.o(i.HAL_IncTick)
    HAL_Init                                 0x080020b5   Thumb Code    32  stm32f7xx_hal.o(i.HAL_Init)
    HAL_InitTick                             0x080020d9   Thumb Code    34  stm32f7xx_hal.o(i.HAL_InitTick)
    HAL_LTDC_ConfigLayer                     0x08002101   Thumb Code    88  stm32f7xx_hal_ltdc.o(i.HAL_LTDC_ConfigLayer)
    HAL_LTDC_Init                            0x08002159   Thumb Code   282  stm32f7xx_hal_ltdc.o(i.HAL_LTDC_Init)
    HAL_LTDC_MspInit                         0x08002279   Thumb Code   212  ltdc.o(i.HAL_LTDC_MspInit)
    HAL_LTDC_SetWindowPosition               0x08002369   Thumb Code    86  stm32f7xx_hal_ltdc.o(i.HAL_LTDC_SetWindowPosition)
    HAL_LTDC_SetWindowSize                   0x080023bf   Thumb Code    84  stm32f7xx_hal_ltdc.o(i.HAL_LTDC_SetWindowSize)
    HAL_MPU_ConfigRegion                     0x08002415   Thumb Code    92  stm32f7xx_hal_cortex.o(i.HAL_MPU_ConfigRegion)
    HAL_MspInit                              0x08002475   Thumb Code     2  stm32f7xx_hal.o(i.HAL_MspInit)
    HAL_NAND_Init                            0x08002477   Thumb Code    82  stm32f7xx_hal_nand.o(i.HAL_NAND_Init)
    HAL_NAND_MspInit                         0x080024c9   Thumb Code   152  nand.o(i.HAL_NAND_MspInit)
    HAL_NVIC_EnableIRQ                       0x08002575   Thumb Code    24  stm32f7xx_hal_cortex.o(i.HAL_NVIC_EnableIRQ)
    HAL_NVIC_SetPriority                     0x0800258d   Thumb Code    92  stm32f7xx_hal_cortex.o(i.HAL_NVIC_SetPriority)
    HAL_NVIC_SetPriorityGrouping             0x080025ed   Thumb Code    30  stm32f7xx_hal_cortex.o(i.HAL_NVIC_SetPriorityGrouping)
    HAL_PWREx_EnableOverDrive                0x08002611   Thumb Code   116  stm32f7xx_hal_pwr_ex.o(i.HAL_PWREx_EnableOverDrive)
    HAL_QSPI_Command                         0x0800268d   Thumb Code   146  stm32f7xx_hal_qspi.o(i.HAL_QSPI_Command)
    HAL_QSPI_Init                            0x08002721   Thumb Code   200  stm32f7xx_hal_qspi.o(i.HAL_QSPI_Init)
    HAL_QSPI_MspInit                         0x080027ed   Thumb Code   134  qspi.o(i.HAL_QSPI_MspInit)
    HAL_QSPI_Receive                         0x08002885   Thumb Code   198  stm32f7xx_hal_qspi.o(i.HAL_QSPI_Receive)
    HAL_QSPI_Transmit                        0x0800294d   Thumb Code   190  stm32f7xx_hal_qspi.o(i.HAL_QSPI_Transmit)
    HAL_RCCEx_PeriphCLKConfig                0x08002a0d   Thumb Code  1928  stm32f7xx_hal_rcc_ex.o(i.HAL_RCCEx_PeriphCLKConfig)
    HAL_RCC_ClockConfig                      0x080031a1   Thumb Code   492  stm32f7xx_hal_rcc.o(i.HAL_RCC_ClockConfig)
    HAL_RCC_GetPCLK1Freq                     0x080033ad   Thumb Code    34  stm32f7xx_hal_rcc.o(i.HAL_RCC_GetPCLK1Freq)
    HAL_RCC_GetPCLK2Freq                     0x080033dd   Thumb Code    34  stm32f7xx_hal_rcc.o(i.HAL_RCC_GetPCLK2Freq)
    HAL_RCC_GetSysClockFreq                  0x0800340d   Thumb Code   136  stm32f7xx_hal_rcc.o(i.HAL_RCC_GetSysClockFreq)
    HAL_RCC_OscConfig                        0x080034a5   Thumb Code   994  stm32f7xx_hal_rcc_ex.o(i.HAL_RCC_OscConfig)
    HAL_SDRAM_Init                           0x0800389d   Thumb Code    66  stm32f7xx_hal_sdram.o(i.HAL_SDRAM_Init)
    HAL_SDRAM_MspInit                        0x080038e1   Thumb Code   192  sdram.o(i.HAL_SDRAM_MspInit)
    HAL_SDRAM_ProgramRefreshRate             0x080039bd   Thumb Code    36  stm32f7xx_hal_sdram.o(i.HAL_SDRAM_ProgramRefreshRate)
    HAL_SDRAM_SendCommand                    0x080039e1   Thumb Code    46  stm32f7xx_hal_sdram.o(i.HAL_SDRAM_SendCommand)
    HAL_SD_Get_CardInfo                      0x08003a11   Thumb Code   720  stm32f7xx_hal_sd.o(i.HAL_SD_Get_CardInfo)
    HAL_SD_Init                              0x08003ce1   Thumb Code  1016  stm32f7xx_hal_sd.o(i.HAL_SD_Init)
    HAL_SD_MspInit                           0x080040d9   Thumb Code   118  sdmmc_sdcard.o(i.HAL_SD_MspInit)
    HAL_SD_ReadBlocks                        0x08004161   Thumb Code   464  stm32f7xx_hal_sd.o(i.HAL_SD_ReadBlocks)
    HAL_SD_WideBusOperation_Config           0x08004331   Thumb Code   316  stm32f7xx_hal_sd.o(i.HAL_SD_WideBusOperation_Config)
    HAL_SD_WriteBlocks                       0x0800446d   Thumb Code   576  stm32f7xx_hal_sd.o(i.HAL_SD_WriteBlocks)
    HAL_SRAM_Init                            0x080046ad   Thumb Code    86  stm32f7xx_hal_sram.o(i.HAL_SRAM_Init)
    HAL_SRAM_MspInit                         0x08004705   Thumb Code   104  lcd.o(i.HAL_SRAM_MspInit)
    HAL_SYSTICK_CLKSourceConfig              0x0800477d   Thumb Code    22  stm32f7xx_hal_cortex.o(i.HAL_SYSTICK_CLKSourceConfig)
    HAL_SYSTICK_Config                       0x08004795   Thumb Code    36  stm32f7xx_hal_cortex.o(i.HAL_SYSTICK_Config)
    HAL_TIMEx_BreakCallback                  0x080047bd   Thumb Code     2  stm32f7xx_hal_tim_ex.o(i.HAL_TIMEx_BreakCallback)
    HAL_TIMEx_CommutationCallback            0x080047bf   Thumb Code     2  stm32f7xx_hal_tim_ex.o(i.HAL_TIMEx_CommutationCallback)
    HAL_TIM_Base_Init                        0x080047c1   Thumb Code    50  stm32f7xx_hal_tim.o(i.HAL_TIM_Base_Init)
    HAL_TIM_Base_MspInit                     0x080047f5   Thumb Code    40  timer.o(i.HAL_TIM_Base_MspInit)
    HAL_TIM_Base_Start_IT                    0x08004821   Thumb Code    24  stm32f7xx_hal_tim.o(i.HAL_TIM_Base_Start_IT)
    HAL_TIM_IC_CaptureCallback               0x08004839   Thumb Code     2  stm32f7xx_hal_tim.o(i.HAL_TIM_IC_CaptureCallback)
    HAL_TIM_IRQHandler                       0x0800483b   Thumb Code   388  stm32f7xx_hal_tim.o(i.HAL_TIM_IRQHandler)
    HAL_TIM_OC_DelayElapsedCallback          0x080049bf   Thumb Code     2  stm32f7xx_hal_tim.o(i.HAL_TIM_OC_DelayElapsedCallback)
    HAL_TIM_PWM_PulseFinishedCallback        0x080049c1   Thumb Code     2  stm32f7xx_hal_tim.o(i.HAL_TIM_PWM_PulseFinishedCallback)
    HAL_TIM_PeriodElapsedCallback            0x080049c5   Thumb Code    36  timer.o(i.HAL_TIM_PeriodElapsedCallback)
    HAL_TIM_TriggerCallback                  0x08004a15   Thumb Code     2  stm32f7xx_hal_tim.o(i.HAL_TIM_TriggerCallback)
    HAL_UART_ErrorCallback                   0x08004a17   Thumb Code     2  stm32f7xx_hal_uart.o(i.HAL_UART_ErrorCallback)
    HAL_UART_IRQHandler                      0x08004a19   Thumb Code   676  stm32f7xx_hal_uart.o(i.HAL_UART_IRQHandler)
    HAL_UART_Init                            0x08004cc1   Thumb Code   110  stm32f7xx_hal_uart.o(i.HAL_UART_Init)
    HAL_UART_MspInit                         0x08004d31   Thumb Code   128  usart.o(i.HAL_UART_MspInit)
    HAL_UART_Receive                         0x08004dbd   Thumb Code   330  stm32f7xx_hal_uart.o(i.HAL_UART_Receive)
    HAL_UART_RxCpltCallback                  0x08004f07   Thumb Code     2  stm32f7xx_hal_uart.o(i.HAL_UART_RxCpltCallback)
    HAL_UART_TxCpltCallback                  0x08004f09   Thumb Code     2  stm32f7xx_hal_uart.o(i.HAL_UART_TxCpltCallback)
    HardFault_Handler                        0x08004f0b   Thumb Code     2  stm32f7xx_it.o(i.HardFault_Handler)
    IIC_Init                                 0x08004f0d   Thumb Code    70  myiic.o(i.IIC_Init)
    IIC_Read_Byte                            0x08004f5d   Thumb Code   228  myiic.o(i.IIC_Read_Byte)
    IIC_Send_Byte                            0x08005045   Thumb Code   116  myiic.o(i.IIC_Send_Byte)
    IIC_Start                                0x080050bd   Thumb Code    76  myiic.o(i.IIC_Start)
    IIC_Stop                                 0x0800510d   Thumb Code    76  myiic.o(i.IIC_Stop)
    IIC_Wait_Ack                             0x0800515d   Thumb Code   168  myiic.o(i.IIC_Wait_Ack)
    KEY_Init                                 0x08005209   Thumb Code   112  key.o(i.KEY_Init)
    LCD_Clear                                0x08005289   Thumb Code    82  lcd.o(i.LCD_Clear)
    LCD_Display_Dir                          0x080052ed   Thumb Code   252  lcd.o(i.LCD_Display_Dir)
    LCD_Fast_DrawPoint                       0x080053f1   Thumb Code   594  lcd.o(i.LCD_Fast_DrawPoint)
    LCD_Fill                                 0x08005651   Thumb Code   124  lcd.o(i.LCD_Fill)
    LCD_Init                                 0x080056d9   Thumb Code 19412  lcd.o(i.LCD_Init)
    LCD_ReadPoint                            0x0800a2c9   Thumb Code   202  lcd.o(i.LCD_ReadPoint)
    LCD_Scan_Dir                             0x0800a3a5   Thumb Code   790  lcd.o(i.LCD_Scan_Dir)
    LCD_SetCursor                            0x0800a6c5   Thumb Code   692  lcd.o(i.LCD_SetCursor)
    LCD_Set_Window                           0x0800a981   Thumb Code   894  lcd.o(i.LCD_Set_Window)
    LCD_ShowChar                             0x0800ad09   Thumb Code   292  lcd.o(i.LCD_ShowChar)
    LCD_ShowString                           0x0800ae39   Thumb Code    98  lcd.o(i.LCD_ShowString)
    LCD_WriteRAM_Prepare                     0x0800ae9d   Thumb Code    10  lcd.o(i.LCD_WriteRAM_Prepare)
    LED_Init                                 0x0800aeb1   Thumb Code    68  led.o(i.LED_Init)
    LTDC_Clear                               0x0800aefd   Thumb Code    28  ltdc.o(i.LTDC_Clear)
    LTDC_Color_Fill                          0x0800af1d   Thumb Code   180  ltdc.o(i.LTDC_Color_Fill)
    LTDC_Display_Dir                         0x0800afe1   Thumb Code    34  ltdc.o(i.LTDC_Display_Dir)
    LTDC_Draw_Point                          0x0800b009   Thumb Code    60  ltdc.o(i.LTDC_Draw_Point)
    LTDC_Fill                                0x0800b04d   Thumb Code   180  ltdc.o(i.LTDC_Fill)
    LTDC_Init                                0x0800b111   Thumb Code   620  ltdc.o(i.LTDC_Init)
    LTDC_PanelID_Read                        0x0800b3a5   Thumb Code   172  ltdc.o(i.LTDC_PanelID_Read)
    LTDC_Read_Point                          0x0800b45d   Thumb Code    60  ltdc.o(i.LTDC_Read_Point)
    MPU_Memory_Protection                    0x0800b681   Thumb Code   194  mpu.o(i.MPU_Memory_Protection)
    MemManage_Handler                        0x0800b74d   Thumb Code    64  mpu.o(i.MemManage_Handler)
    NAND_CopyPageWithWrite                   0x0800b7c5   Thumb Code   462  nand.o(i.NAND_CopyPageWithWrite)
    NAND_CopyPageWithoutWrite                0x0800b9a1   Thumb Code   116  nand.o(i.NAND_CopyPageWithoutWrite)
    NAND_Delay                               0x0800ba21   Thumb Code    90  nand.o(i.NAND_Delay)
    NAND_ECC_Correction                      0x0800ba7d   Thumb Code   298  nand.o(i.NAND_ECC_Correction)
    NAND_EraseBlock                          0x0800bbd5   Thumb Code    64  nand.o(i.NAND_EraseBlock)
    NAND_Init                                0x0800bc29   Thumb Code   354  nand.o(i.NAND_Init)
    NAND_ReadPage                            0x0800bdc1   Thumb Code   868  nand.o(i.NAND_ReadPage)
    NAND_ReadPageComp                        0x0800c181   Thumb Code   120  nand.o(i.NAND_ReadPageComp)
    NAND_ReadSpare                           0x0800c201   Thumb Code    36  nand.o(i.NAND_ReadSpare)
    NAND_WaitForReady                        0x0800c229   Thumb Code   126  nand.o(i.NAND_WaitForReady)
    NAND_WaitRB                              0x0800c2b1   Thumb Code    74  nand.o(i.NAND_WaitRB)
    NAND_WritePage                           0x0800c301   Thumb Code   360  nand.o(i.NAND_WritePage)
    NAND_WritePageConst                      0x0800c475   Thumb Code    86  nand.o(i.NAND_WritePageConst)
    NAND_WriteSpare                          0x0800c4d5   Thumb Code    40  nand.o(i.NAND_WriteSpare)
    NMI_Handler                              0x0800c501   Thumb Code     2  stm32f7xx_it.o(i.NMI_Handler)
    OV2640_Auto_Exposure                     0x0800c505   Thumb Code    34  ov2640.o(i.OV2640_Auto_Exposure)
    OV2640_Brightness                        0x0800c52d   Thumb Code    58  ov2640.o(i.OV2640_Brightness)
    OV2640_Color_Bar                         0x0800c567   Thumb Code    40  ov2640.o(i.OV2640_Color_Bar)
    OV2640_Color_Saturation                  0x0800c58f   Thumb Code    64  ov2640.o(i.OV2640_Color_Saturation)
    OV2640_Contrast                          0x0800c5cf   Thumb Code   114  ov2640.o(i.OV2640_Contrast)
    OV2640_ImageSize_Set                     0x0800c641   Thumb Code    78  ov2640.o(i.OV2640_ImageSize_Set)
    OV2640_ImageWin_Set                      0x0800c68f   Thumb Code   144  ov2640.o(i.OV2640_ImageWin_Set)
    OV2640_Init                              0x0800c721   Thumb Code   234  ov2640.o(i.OV2640_Init)
    OV2640_JPEG_Mode                         0x0800c831   Thumb Code    54  ov2640.o(i.OV2640_JPEG_Mode)
    OV2640_Light_Mode                        0x0800c871   Thumb Code   112  ov2640.o(i.OV2640_Light_Mode)
    OV2640_OutSize_Set                       0x0800c8e1   Thumb Code    88  ov2640.o(i.OV2640_OutSize_Set)
    OV2640_PWDN_Set                          0x0800c939   Thumb Code     8  ov2640.o(i.OV2640_PWDN_Set)
    OV2640_RGB565_Mode                       0x0800c941   Thumb Code    30  ov2640.o(i.OV2640_RGB565_Mode)
    OV2640_Special_Effects                   0x0800c965   Thumb Code   112  ov2640.o(i.OV2640_Special_Effects)
    OV2640_Window_Set                        0x0800c9d5   Thumb Code   124  ov2640.o(i.OV2640_Window_Set)
    PCF8574_Init                             0x0800ca51   Thumb Code   110  pcf8574.o(i.PCF8574_Init)
    PCF8574_WriteBit                         0x0800cac9   Thumb Code    86  pcf8574.o(i.PCF8574_WriteBit)
    PendSV_Handler                           0x0800cb1f   Thumb Code     2  stm32f7xx_it.o(i.PendSV_Handler)
    QSPI_Init                                0x0800cd71   Thumb Code    58  qspi.o(i.QSPI_Init)
    QSPI_Receive                             0x0800cdb5   Thumb Code    30  qspi.o(i.QSPI_Receive)
    QSPI_Send_CMD                            0x0800cdd9   Thumb Code    68  qspi.o(i.QSPI_Send_CMD)
    QSPI_Transmit                            0x0800ce21   Thumb Code    30  qspi.o(i.QSPI_Transmit)
    SCCB_Init                                0x0800ce9d   Thumb Code    66  sccb.o(i.SCCB_Init)
    SCCB_RD_Reg                              0x0800cee9   Thumb Code   408  sccb.o(i.SCCB_RD_Reg)
    SCCB_WR_Byte                             0x0800d085   Thumb Code   160  sccb.o(i.SCCB_WR_Byte)
    SCCB_WR_Reg                              0x0800d129   Thumb Code   166  sccb.o(i.SCCB_WR_Reg)
    SDMMC_DataConfig                         0x0800d1d5   Thumb Code    46  stm32f7xx_ll_sdmmc.o(i.SDMMC_DataConfig)
    SDMMC_GetCommandResponse                 0x0800d203   Thumb Code     6  stm32f7xx_ll_sdmmc.o(i.SDMMC_GetCommandResponse)
    SDMMC_GetPowerState                      0x0800d209   Thumb Code     8  stm32f7xx_ll_sdmmc.o(i.SDMMC_GetPowerState)
    SDMMC_GetResponse                        0x0800d211   Thumb Code    14  stm32f7xx_ll_sdmmc.o(i.SDMMC_GetResponse)
    SDMMC_Init                               0x0800d21f   Thumb Code    42  stm32f7xx_ll_sdmmc.o(i.SDMMC_Init)
    SDMMC_PowerState_ON                      0x0800d249   Thumb Code     8  stm32f7xx_ll_sdmmc.o(i.SDMMC_PowerState_ON)
    SDMMC_ReadFIFO                           0x0800d251   Thumb Code     6  stm32f7xx_ll_sdmmc.o(i.SDMMC_ReadFIFO)
    SDMMC_SendCommand                        0x0800d257   Thumb Code    42  stm32f7xx_ll_sdmmc.o(i.SDMMC_SendCommand)
    SDMMC_WriteFIFO                          0x0800d281   Thumb Code    10  stm32f7xx_ll_sdmmc.o(i.SDMMC_WriteFIFO)
    SDRAM_Init                               0x0800d28d   Thumb Code    92  sdram.o(i.SDRAM_Init)
    SDRAM_Initialization_Sequence            0x0800d2f1   Thumb Code   136  sdram.o(i.SDRAM_Initialization_Sequence)
    SD_Init                                  0x0800d5c1   Thumb Code    56  sdmmc_sdcard.o(i.SD_Init)
    SD_ReadDisk                              0x0800d771   Thumb Code   126  sdmmc_sdcard.o(i.SD_ReadDisk)
    SD_WriteDisk                             0x0800d7f9   Thumb Code   128  sdmmc_sdcard.o(i.SD_WriteDisk)
    SVC_Handler                              0x0800d881   Thumb Code     2  stm32f7xx_it.o(i.SVC_Handler)
    Show_Str                                 0x0800d885   Thumb Code   408  text.o(i.Show_Str)
    Stm32_Clock_Init                         0x0800da25   Thumb Code   144  sys.o(i.Stm32_Clock_Init)
    SysTick_Handler                          0x0800dabd   Thumb Code     4  stm32f7xx_it.o(i.SysTick_Handler)
    SystemInit                               0x0800dac1   Thumb Code    76  system_stm32f7xx.o(i.SystemInit)
    TIM3_IRQHandler                          0x0800db21   Thumb Code     6  timer.o(i.TIM3_IRQHandler)
    TIM4_IRQHandler                          0x0800db2d   Thumb Code    44  usmart.o(i.TIM4_IRQHandler)
    TIM_Base_SetConfig                       0x0800db61   Thumb Code   176  stm32f7xx_hal_tim.o(i.TIM_Base_SetConfig)
    UART_AdvFeatureConfig                    0x0800dc25   Thumb Code   218  stm32f7xx_hal_uart.o(i.UART_AdvFeatureConfig)
    UART_CheckIdleState                      0x0800dcff   Thumb Code    96  stm32f7xx_hal_uart.o(i.UART_CheckIdleState)
    UART_SetConfig                           0x0800dd75   Thumb Code   682  stm32f7xx_hal_uart.o(i.UART_SetConfig)
    UART_WaitOnFlagUntilTimeout              0x0800e031   Thumb Code   118  stm32f7xx_hal_uart.o(i.UART_WaitOnFlagUntilTimeout)
    USART1_IRQHandler                        0x0800e0a9   Thumb Code   108  usart.o(i.USART1_IRQHandler)
    UsageFault_Handler                       0x0800e121   Thumb Code     2  stm32f7xx_it.o(i.UsageFault_Handler)
    W25QXX_Init                              0x0800e125   Thumb Code   230  w25qxx.o(i.W25QXX_Init)
    W25QXX_Qspi_Enable                       0x0800e211   Thumb Code   148  w25qxx.o(i.W25QXX_Qspi_Enable)
    W25QXX_Read                              0x0800e2a9   Thumb Code    28  w25qxx.o(i.W25QXX_Read)
    W25QXX_Wait_Busy                         0x0800e2c5   Thumb Code    60  w25qxx.o(i.W25QXX_Wait_Busy)
    W25QXX_Write                             0x0800e305   Thumb Code   442  w25qxx.o(i.W25QXX_Write)
    __0printf                                0x0800e4c9   Thumb Code    22  printfa.o(i.__0printf)
    __1printf                                0x0800e4c9   Thumb Code     0  printfa.o(i.__0printf)
    __2printf                                0x0800e4c9   Thumb Code     0  printfa.o(i.__0printf)
    __c89printf                              0x0800e4c9   Thumb Code     0  printfa.o(i.__0printf)
    printf                                   0x0800e4c9   Thumb Code     0  printfa.o(i.__0printf)
    __ARM_common_memclr4_10                  0x0800e4e9   Thumb Code    10  usmart_str.o(i.__ARM_common_memclr4_10)
    __scatterload_copy                       0x0800e4f3   Thumb Code    14  handlers.o(i.__scatterload_copy)
    __scatterload_null                       0x0800e501   Thumb Code     2  handlers.o(i.__scatterload_null)
    __scatterload_zeroinit                   0x0800e503   Thumb Code    14  handlers.o(i.__scatterload_zeroinit)
    bmp_encode                               0x0800ed9d   Thumb Code   446  bmp.o(i.bmp_encode)
    delay_init                               0x0800f131   Thumb Code    16  delay.o(i.delay_init)
    delay_ms                                 0x0800f145   Thumb Code    68  delay.o(i.delay_ms)
    delay_us                                 0x0800f18d   Thumb Code    50  delay.o(i.delay_us)
    dir_sdi                                  0x0800fd29   Thumb Code   168  ff.o(i.dir_sdi)
    disk_initialize                          0x0800fdd1   Thumb Code    40  diskio.o(i.disk_initialize)
    disk_ioctl                               0x0800fdf9   Thumb Code   178  diskio.o(i.disk_ioctl)
    disk_read                                0x0800feb5   Thumb Code   108  diskio.o(i.disk_read)
    disk_status                              0x0800ff21   Thumb Code     4  diskio.o(i.disk_status)
    disk_write                               0x0800ff25   Thumb Code   108  diskio.o(i.disk_write)
    exfuns_init                              0x0800ff91   Thumb Code    98  exfuns.o(i.exfuns_init)
    f_close                                  0x0800fffd   Thumb Code    32  ff.o(i.f_close)
    f_mkdir                                  0x0801001d   Thumb Code   696  ff.o(i.f_mkdir)
    f_mount                                  0x080102d5   Thumb Code   120  ff.o(i.f_mount)
    f_open                                   0x08010351   Thumb Code   808  ff.o(i.f_open)
    f_sync                                   0x08010679   Thumb Code   506  ff.o(i.f_sync)
    f_write                                  0x08010873   Thumb Code   570  ff.o(i.f_write)
    ff_convert                               0x08010aad   Thumb Code   130  mycc936.o(i.ff_convert)
    ff_memalloc                              0x08010b35   Thumb Code     8  diskio.o(i.ff_memalloc)
    ff_memfree                               0x08010b3d   Thumb Code     8  diskio.o(i.ff_memfree)
    ff_wtoupper                              0x08010b45   Thumb Code    30  mycc936.o(i.ff_wtoupper)
    font_init                                0x08011501   Thumb Code    56  fontupd.o(i.font_init)
    fputc                                    0x0801153d   Thumb Code    16  usart.o(i.fputc)
    get_fattime                              0x080116b7   Thumb Code     4  diskio.o(i.get_fattime)
    jpeg_data_process                        0x080116bd   Thumb Code    12  main.o(i.jpeg_data_process)
    main                                     0x08011829   Thumb Code   700  main.o(i.main)
    my_mem_init                              0x08011cc1   Thumb Code    52  malloc.o(i.my_mem_init)
    my_mem_malloc                            0x08011cfd   Thumb Code   190  malloc.o(i.my_mem_malloc)
    my_mem_perused                           0x08011dc9   Thumb Code    54  malloc.o(i.my_mem_perused)
    myfree                                   0x08011e09   Thumb Code   114  malloc.o(i.myfree)
    mymalloc                                 0x08011e89   Thumb Code    30  malloc.o(i.mymalloc)
    mymemset                                 0x08011ead   Thumb Code    38  malloc.o(i.mymemset)
    pic_memalloc                             0x08011ed3   Thumb Code     8  piclib.o(i.pic_memalloc)
    pic_memfree                              0x08011edb   Thumb Code     8  piclib.o(i.pic_memfree)
    read_addr                                0x0801201b   Thumb Code     4  usmart.o(i.read_addr)
    rgblcd_dcmi_rx_callback                  0x08012171   Thumb Code    74  main.o(i.rgblcd_dcmi_rx_callback)
    uart_init                                0x080123b1   Thumb Code    32  usart.o(i.uart_init)
    usmart_cmd_rec                           0x080123d9   Thumb Code   172  usmart.o(i.usmart_cmd_rec)
    usmart_exe                               0x08012489   Thumb Code   634  usmart.o(i.usmart_exe)
    usmart_get_aparm                         0x0801276d   Thumb Code   182  usmart_str.o(i.usmart_get_aparm)
    usmart_get_cmdname                       0x08012825   Thumb Code    74  usmart_str.o(i.usmart_get_cmdname)
    usmart_get_fname                         0x08012871   Thumb Code   430  usmart_str.o(i.usmart_get_fname)
    usmart_get_fparam                        0x08012a29   Thumb Code   776  usmart_str.o(i.usmart_get_fparam)
    usmart_get_parmpos                       0x08012d39   Thumb Code    84  usmart_str.o(i.usmart_get_parmpos)
    usmart_init                              0x08012d91   Thumb Code    92  usmart.o(i.usmart_init)
    usmart_scan                              0x08012dfd   Thumb Code   102  usmart.o(i.usmart_scan)
    usmart_str2num                           0x08012ea9   Thumb Code   278  usmart_str.o(i.usmart_str2num)
    usmart_strcmp                            0x08012fbf   Thumb Code    26  usmart_str.o(i.usmart_strcmp)
    usmart_sys_cmd_exe                       0x08012fd9   Thumb Code  1488  usmart.o(i.usmart_sys_cmd_exe)
    write_addr                               0x080136ab   Thumb Code     4  usmart.o(i.write_addr)
    AHBPrescTable                            0x080136ae   Data          16  system_stm32f7xx.o(.constdata)
    APBPrescTable                            0x080136be   Data           8  system_stm32f7xx.o(.constdata)
    asc2_1206                                0x080136ce   Data        1140  lcd.o(.constdata)
    asc2_1608                                0x08013b42   Data        1520  lcd.o(.constdata)
    asc2_2412                                0x08014132   Data        3420  lcd.o(.constdata)
    asc2_3216                                0x08014e8e   Data       12160  lcd.o(.constdata)
    ov2640_svga_init_reg_tbl                 0x08017e0e   Data         354  ov2640.o(.constdata)
    ov2640_jpeg_reg_tbl                      0x08017f70   Data          14  ov2640.o(.constdata)
    ov2640_rgb565_reg_tbl                    0x08017f7e   Data          28  ov2640.o(.constdata)
    ov2640_yuv422_reg_tbl                    0x08017f9a   Data          16  ov2640.o(.constdata)
    memtblsize                               0x08017fd4   Data          12  malloc.o(.constdata)
    memblksize                               0x08017fe0   Data          12  malloc.o(.constdata)
    memsize                                  0x08017fec   Data          12  malloc.o(.constdata)
    Region$$Table$$Base                      0x08018758   Number         0  anon$$obj.o(Region$$Table)
    Region$$Table$$Limit                     0x08018778   Number         0  anon$$obj.o(Region$$Table)
    mem3base                                 0x20000000   Data       61440  malloc.o(.ARM.__AT_0x20000000)
    mem3mapbase                              0x2000f000   Data        3840  malloc.o(.ARM.__AT_0x2000F000)
    currentline                              0x20020000   Data           1  main.o(.data)
    one_shot_ok                              0x20020001   Data           1  main.o(.data)
    curline                                  0x20020002   Data           2  main.o(.data)
    jpeg_data_len                            0x20020004   Data           4  main.o(.data)
    SystemCoreClock                          0x20020008   Data           4  system_stm32f7xx.o(.data)
    uwTick                                   0x2002000c   Data           4  stm32f7xx_hal.o(.data)
    USART_RX_STA                             0x20020014   Data           2  usart.o(.data)
    __stdout                                 0x20020018   Data           4  usart.o(.data)
    POINT_COLOR                              0x2002001c   Data           4  lcd.o(.data)
    BACK_COLOR                               0x20020020   Data           4  lcd.o(.data)
    ltdc_framebuf                            0x20020024   Data           8  ltdc.o(.data)
    W25QXX_QPI_MODE                          0x20020030   Data           1  w25qxx.o(.data)
    W25QXX_TYPE                              0x20020032   Data           2  w25qxx.o(.data)
    ov_frame                                 0x20020034   Data           1  dcmi.o(.data)
    dcmi_rx_callback                         0x20020038   Data           4  dcmi.o(.data)
    sys_cmd_tab                              0x2002003c   Data          28  usmart.o(.data)
    usmart_nametab                           0x20020058   Data         160  usmart_config.o(.data)
    usmart_dev                               0x200200f8   Data         244  usmart_config.o(.data)
    mallco_dev                               0x200201ec   Data          36  malloc.o(.data)
    file                                     0x20020214   Data           4  exfuns.o(.data)
    ftemp                                    0x20020218   Data           4  exfuns.o(.data)
    fatbuf                                   0x2002021c   Data           4  exfuns.o(.data)
    bw                                       0x20020220   Data           4  exfuns.o(.data)
    dcmi_line_buf0                           0x20020224   Data          56  main.o(.bss)
    dcmi_line_buf1                           0x2002025c   Data          56  main.o(.bss)
    picture_data_buf                         0x20020294   Data        1568  main.o(.bss)
    USART_RX_BUF                             0x200208b4   Data         200  usart.o(.bss)
    UART1_Handler                            0x2002097c   Data         112  usart.o(.bss)
    SDRAM_Handler                            0x200209ec   Data          52  sdram.o(.bss)
    SRAM_Handler                             0x20020a20   Data          76  lcd.o(.bss)
    lcddev                                   0x20020a6c   Data          14  lcd.o(.bss)
    LTDC_Handler                             0x20020a7c   Data         168  ltdc.o(.bss)
    lcdltdc                                  0x20020b24   Data          32  ltdc.o(.bss)
    NAND_Handler                             0x20020b44   Data          56  nand.o(.bss)
    nand_dev                                 0x20020b7c   Data          92  nand.o(.bss)
    SDCARD_Handler                           0x20020bd8   Data          96  sdmmc_sdcard.o(.bss)
    SDCardInfo                               0x20020c38   Data          88  sdmmc_sdcard.o(.bss)
    SDIO_DATA_BUFFER                         0x20020c90   Data         512  sdmmc_sdcard.o(.bss)
    W25QXX_BUFFER                            0x20020e90   Data        4096  w25qxx.o(.bss)
    QSPI_Handler                             0x20021e90   Data          68  qspi.o(.bss)
    DCMI_Handler                             0x20021ed4   Data          80  dcmi.o(.bss)
    DMADMCI_Handler                          0x20021f24   Data          96  dcmi.o(.bss)
    TIM3_Handler                             0x20021f84   Data          60  timer.o(.bss)
    TIM4_Handler                             0x20021fc0   Data          60  usmart.o(.bss)
    mem1base                                 0x20022000   Data       307200  malloc.o(.bss)
    mem1mapbase                              0x2006d000   Data       19200  malloc.o(.bss)
    fs                                       0x20071b0c   Data          12  exfuns.o(.bss)
    ftinfo                                   0x20071b18   Data          41  fontupd.o(.bss)
    __initial_sp                             0x20071f48   Data           0  startup_stm32f767xx.o(STACK)
    ltdc_lcd_framebuf                        0xc0000000   Data       2048000  ltdc.o(.ARM.__AT_0xC0000000)
    mem2base                                 0xc01f4000   Data       29605888  malloc.o(.ARM.__AT_0xC01F4000)
    mem2mapbase                              0xc1e30000   Data       1850368  malloc.o(.ARM.__AT_0xC1E30000)



==============================================================================

Memory Map of the image

  Image Entry point : 0x080001f9

  Load Region LR_IROM1 (Base: 0x08000000, Size: 0x0001899c, Max: 0x00100000, ABSOLUTE, COMPRESSED[0x0001885c])

    Execution Region ER_IROM1 (Exec base: 0x08000000, Load base: 0x08000000, Size: 0x00018778, Max: 0x00100000, ABSOLUTE)

    Exec Addr    Load Addr    Size         Type   Attr      Idx    E Section Name        Object

    0x08000000   0x08000000   0x000001f8   Data   RO          642    RESET               startup_stm32f767xx.o
    0x080001f8   0x080001f8   0x00000000   Code   RO         8520  * .ARM.Collect$$$$00000000  mc_w.l(entry.o)
    0x080001f8   0x080001f8   0x00000004   Code   RO         8882    .ARM.Collect$$$$00000001  mc_w.l(entry2.o)
    0x080001fc   0x080001fc   0x00000004   Code   RO         8885    .ARM.Collect$$$$00000004  mc_w.l(entry5.o)
    0x08000200   0x08000200   0x00000000   Code   RO         8887    .ARM.Collect$$$$00000008  mc_w.l(entry7b.o)
    0x08000200   0x08000200   0x00000000   Code   RO         8889    .ARM.Collect$$$$0000000A  mc_w.l(entry8b.o)
    0x08000200   0x08000200   0x00000008   Code   RO         8890    .ARM.Collect$$$$0000000B  mc_w.l(entry9a.o)
    0x08000208   0x08000208   0x00000004   Code   RO         8897    .ARM.Collect$$$$0000000E  mc_w.l(entry12b.o)
    0x0800020c   0x0800020c   0x00000000   Code   RO         8892    .ARM.Collect$$$$0000000F  mc_w.l(entry10a.o)
    0x0800020c   0x0800020c   0x00000000   Code   RO         8894    .ARM.Collect$$$$00000011  mc_w.l(entry11a.o)
    0x0800020c   0x0800020c   0x00000004   Code   RO         8883    .ARM.Collect$$$$00002712  mc_w.l(entry2.o)
    0x08000210   0x08000210   0x00000010   Code   RO         4724    .emb_text           sys.o
    0x08000220   0x08000220   0x00000024   Code   RO          643    .text               startup_stm32f767xx.o
    0x08000244   0x08000244   0x00000062   Code   RO         8523    .text               mc_w.l(uldiv.o)
    0x080002a6   0x080002a6   0x00000024   Code   RO         8525    .text               mc_w.l(memcpya.o)
    0x080002ca   0x080002ca   0x00000024   Code   RO         8527    .text               mc_w.l(memseta.o)
    0x080002ee   0x080002ee   0x000000e4   Code   RO         8830    .text               mf_w.l(dmul.o)
    0x080003d2   0x080003d2   0x00000032   Code   RO         8834    .text               mf_w.l(dfixui.o)
    0x08000404   0x08000404   0x0000002c   Code   RO         8898    .text               mc_w.l(uidiv.o)
    0x08000430   0x08000430   0x0000001e   Code   RO         8900    .text               mc_w.l(llshl.o)
    0x0800044e   0x0800044e   0x00000020   Code   RO         8902    .text               mc_w.l(llushr.o)
    0x0800046e   0x0800046e   0x00000000   Code   RO         8913    .text               mc_w.l(iusefp.o)
    0x0800046e   0x0800046e   0x000000ba   Code   RO         8918    .text               mf_w.l(depilogue.o)
    0x08000528   0x08000528   0x0000014e   Code   RO         8920    .text               mf_w.l(dadd.o)
    0x08000676   0x08000676   0x000000de   Code   RO         8922    .text               mf_w.l(ddiv.o)
    0x08000754   0x08000754   0x00000030   Code   RO         8924    .text               mf_w.l(dfixul.o)
    0x08000784   0x08000784   0x00000030   Code   RO         8926    .text               mf_w.l(cdrcmple.o)
    0x080007b4   0x080007b4   0x00000024   Code   RO         8930    .text               mc_w.l(init.o)
    0x080007d8   0x080007d8   0x00000024   Code   RO         8932    .text               mc_w.l(llsshr.o)
    0x080007fc   0x080007fc   0x00000056   Code   RO         8944    .text               mc_w.l(__dczerorl2.o)
    0x08000852   0x08000852   0x00000002   Code   RO          412    i.BusFault_Handler  stm32f7xx_it.o
    0x08000854   0x08000854   0x0000007c   Code   RO         4725    i.Cache_Enable      sys.o
    0x080008d0   0x080008d0   0x00000044   Code   RO         5816    i.DCMI_CR_Set       dcmi.o
    0x08000914   0x08000914   0x00000020   Code   RO         4436    i.DCMI_DMAError     stm32f7xx_hal_dcmi.o
    0x08000934   0x08000934   0x000000c0   Code   RO         5817    i.DCMI_DMA_Init     dcmi.o
    0x080009f4   0x080009f4   0x0000000c   Code   RO         5818    i.DCMI_IRQHandler   dcmi.o
    0x08000a00   0x08000a00   0x00000048   Code   RO         5819    i.DCMI_Init         dcmi.o
    0x08000a48   0x08000a48   0x0000007c   Code   RO         5820    i.DCMI_Set_Window   dcmi.o
    0x08000ac4   0x08000ac4   0x00000030   Code   RO         5821    i.DCMI_Start        dcmi.o
    0x08000af4   0x08000af4   0x0000009c   Code   RO         5823    i.DMA2_Stream1_IRQHandler  dcmi.o
    0x08000b90   0x08000b90   0x00000002   Code   RO          413    i.DebugMon_Handler  stm32f7xx_it.o
    0x08000b92   0x08000b92   0x00000024   Code   RO         3027    i.FMC_NAND_AttributeSpace_Timing_Init  stm32f7xx_ll_fmc.o
    0x08000bb6   0x08000bb6   0x00000024   Code   RO         3028    i.FMC_NAND_CommonSpace_Timing_Init  stm32f7xx_ll_fmc.o
    0x08000bda   0x08000bda   0x00000002   PAD
    0x08000bdc   0x08000bdc   0x0000003c   Code   RO         3033    i.FMC_NAND_Init     stm32f7xx_ll_fmc.o
    0x08000c18   0x08000c18   0x00000048   Code   RO         3035    i.FMC_NORSRAM_Extended_Timing_Init  stm32f7xx_ll_fmc.o
    0x08000c60   0x08000c60   0x000000a0   Code   RO         3036    i.FMC_NORSRAM_Init  stm32f7xx_ll_fmc.o
    0x08000d00   0x08000d00   0x00000070   Code   RO         3037    i.FMC_NORSRAM_Timing_Init  stm32f7xx_ll_fmc.o
    0x08000d70   0x08000d70   0x00000064   Code   RO         3042    i.FMC_SDRAM_Init    stm32f7xx_ll_fmc.o
    0x08000dd4   0x08000dd4   0x0000000c   Code   RO         3043    i.FMC_SDRAM_ProgramRefreshRate  stm32f7xx_ll_fmc.o
    0x08000de0   0x08000de0   0x00000052   Code   RO         3044    i.FMC_SDRAM_SendCommand  stm32f7xx_ll_fmc.o
    0x08000e32   0x08000e32   0x00000090   Code   RO         3046    i.FMC_SDRAM_Timing_Init  stm32f7xx_ll_fmc.o
    0x08000ec2   0x08000ec2   0x00000002   PAD
    0x08000ec4   0x08000ec4   0x000000f0   Code   RO         5283    i.FTL_BlockCompare  ftl.o
    0x08000fb4   0x08000fb4   0x0000010c   Code   RO         5285    i.FTL_CopyAndWriteToBlock  ftl.o
    0x080010c0   0x080010c0   0x000000e8   Code   RO         5286    i.FTL_CreateLUT     ftl.o
    0x080011a8   0x080011a8   0x000000c0   Code   RO         5287    i.FTL_FindSamePlaneUnusedBlock  ftl.o
    0x08001268   0x08001268   0x00000158   Code   RO         5289    i.FTL_Format        ftl.o
    0x080013c0   0x080013c0   0x000000e4   Code   RO         5290    i.FTL_Init          ftl.o
    0x080014a4   0x080014a4   0x00000164   Code   RO         5292    i.FTL_ReadSectors   ftl.o
    0x08001608   0x08001608   0x00000154   Code   RO         5295    i.FTL_WriteSectors  ftl.o
    0x0800175c   0x0800175c   0x000000dc   Code   RO         7158    i.Get_HzMat         text.o
    0x08001838   0x08001838   0x00000016   Code   RO         4439    i.HAL_DCMI_DeInit   stm32f7xx_hal_dcmi.o
    0x0800184e   0x0800184e   0x00000002   Code   RO         4442    i.HAL_DCMI_ErrorCallback  stm32f7xx_hal_dcmi.o
    0x08001850   0x08001850   0x0000003c   Code   RO         5824    i.HAL_DCMI_FrameEventCallback  dcmi.o
    0x0800188c   0x0800188c   0x000000ac   Code   RO         4446    i.HAL_DCMI_IRQHandler  stm32f7xx_hal_dcmi.o
    0x08001938   0x08001938   0x000000c8   Code   RO         4447    i.HAL_DCMI_Init     stm32f7xx_hal_dcmi.o
    0x08001a00   0x08001a00   0x00000002   Code   RO         4448    i.HAL_DCMI_LineEventCallback  stm32f7xx_hal_dcmi.o
    0x08001a02   0x08001a02   0x00000002   Code   RO         4449    i.HAL_DCMI_MspDeInit  stm32f7xx_hal_dcmi.o
    0x08001a04   0x08001a04   0x000000ec   Code   RO         5825    i.HAL_DCMI_MspInit  dcmi.o
    0x08001af0   0x08001af0   0x00000002   Code   RO         4455    i.HAL_DCMI_VsyncEventCallback  stm32f7xx_hal_dcmi.o
    0x08001af2   0x08001af2   0x0000007c   Code   RO         1031    i.HAL_DMAEx_MultiBufferStart  stm32f7xx_hal_dma_ex.o
    0x08001b6e   0x08001b6e   0x00000024   Code   RO          940    i.HAL_DMA_Abort_IT  stm32f7xx_hal_dma.o
    0x08001b92   0x08001b92   0x00000002   PAD
    0x08001b94   0x08001b94   0x00000088   Code   RO          941    i.HAL_DMA_DeInit    stm32f7xx_hal_dma.o
    0x08001c1c   0x08001c1c   0x00000184   Code   RO          945    i.HAL_DMA_Init      stm32f7xx_hal_dma.o
    0x08001da0   0x08001da0   0x0000006c   Code   RO          948    i.HAL_DMA_Start     stm32f7xx_hal_dma.o
    0x08001e0c   0x08001e0c   0x00000016   Code   RO          657    i.HAL_Delay         stm32f7xx_hal.o
    0x08001e22   0x08001e22   0x00000002   PAD
    0x08001e24   0x08001e24   0x00000258   Code   RO         1265    i.HAL_GPIO_Init     stm32f7xx_hal_gpio.o
    0x0800207c   0x0800207c   0x0000000a   Code   RO         1267    i.HAL_GPIO_ReadPin  stm32f7xx_hal_gpio.o
    0x08002086   0x08002086   0x00000008   Code   RO         1268    i.HAL_GPIO_TogglePin  stm32f7xx_hal_gpio.o
    0x0800208e   0x0800208e   0x0000000a   Code   RO         1269    i.HAL_GPIO_WritePin  stm32f7xx_hal_gpio.o
    0x08002098   0x08002098   0x0000000c   Code   RO          667    i.HAL_GetTick       stm32f7xx_hal.o
    0x080020a4   0x080020a4   0x00000010   Code   RO          668    i.HAL_IncTick       stm32f7xx_hal.o
    0x080020b4   0x080020b4   0x00000024   Code   RO          669    i.HAL_Init          stm32f7xx_hal.o
    0x080020d8   0x080020d8   0x00000028   Code   RO          670    i.HAL_InitTick      stm32f7xx_hal.o
    0x08002100   0x08002100   0x00000058   Code   RO         3456    i.HAL_LTDC_ConfigLayer  stm32f7xx_hal_ltdc.o
    0x08002158   0x08002158   0x00000120   Code   RO         3473    i.HAL_LTDC_Init     stm32f7xx_hal_ltdc.o
    0x08002278   0x08002278   0x000000f0   Code   RO         5172    i.HAL_LTDC_MspInit  ltdc.o
    0x08002368   0x08002368   0x00000056   Code   RO         3488    i.HAL_LTDC_SetWindowPosition  stm32f7xx_hal_ltdc.o
    0x080023be   0x080023be   0x00000054   Code   RO         3490    i.HAL_LTDC_SetWindowSize  stm32f7xx_hal_ltdc.o
    0x08002412   0x08002412   0x00000002   PAD
    0x08002414   0x08002414   0x00000060   Code   RO          821    i.HAL_MPU_ConfigRegion  stm32f7xx_hal_cortex.o
    0x08002474   0x08002474   0x00000002   Code   RO          672    i.HAL_MspInit       stm32f7xx_hal.o
    0x08002476   0x08002476   0x00000052   Code   RO         4034    i.HAL_NAND_Init     stm32f7xx_hal_nand.o
    0x080024c8   0x080024c8   0x000000ac   Code   RO         5386    i.HAL_NAND_MspInit  nand.o
    0x08002574   0x08002574   0x00000018   Code   RO          824    i.HAL_NVIC_EnableIRQ  stm32f7xx_hal_cortex.o
    0x0800258c   0x0800258c   0x00000060   Code   RO          830    i.HAL_NVIC_SetPriority  stm32f7xx_hal_cortex.o
    0x080025ec   0x080025ec   0x00000024   Code   RO          831    i.HAL_NVIC_SetPriorityGrouping  stm32f7xx_hal_cortex.o
    0x08002610   0x08002610   0x0000007c   Code   RO         1458    i.HAL_PWREx_EnableOverDrive  stm32f7xx_hal_pwr_ex.o
    0x0800268c   0x0800268c   0x00000092   Code   RO         4187    i.HAL_QSPI_Command  stm32f7xx_hal_qspi.o
    0x0800271e   0x0800271e   0x00000002   PAD
    0x08002720   0x08002720   0x000000cc   Code   RO         4196    i.HAL_QSPI_Init     stm32f7xx_hal_qspi.o
    0x080027ec   0x080027ec   0x00000098   Code   RO         5762    i.HAL_QSPI_MspInit  qspi.o
    0x08002884   0x08002884   0x000000c6   Code   RO         4200    i.HAL_QSPI_Receive  stm32f7xx_hal_qspi.o
    0x0800294a   0x0800294a   0x00000002   PAD
    0x0800294c   0x0800294c   0x000000be   Code   RO         4209    i.HAL_QSPI_Transmit  stm32f7xx_hal_qspi.o
    0x08002a0a   0x08002a0a   0x00000002   PAD
    0x08002a0c   0x08002a0c   0x00000794   Code   RO         1647    i.HAL_RCCEx_PeriphCLKConfig  stm32f7xx_hal_rcc_ex.o
    0x080031a0   0x080031a0   0x0000020c   Code   RO         1545    i.HAL_RCC_ClockConfig  stm32f7xx_hal_rcc.o
    0x080033ac   0x080033ac   0x00000030   Code   RO         1552    i.HAL_RCC_GetPCLK1Freq  stm32f7xx_hal_rcc.o
    0x080033dc   0x080033dc   0x00000030   Code   RO         1553    i.HAL_RCC_GetPCLK2Freq  stm32f7xx_hal_rcc.o
    0x0800340c   0x0800340c   0x00000098   Code   RO         1554    i.HAL_RCC_GetSysClockFreq  stm32f7xx_hal_rcc.o
    0x080034a4   0x080034a4   0x000003f8   Code   RO         1648    i.HAL_RCC_OscConfig  stm32f7xx_hal_rcc_ex.o
    0x0800389c   0x0800389c   0x00000042   Code   RO         3303    i.HAL_SDRAM_Init    stm32f7xx_hal_sdram.o
    0x080038de   0x080038de   0x00000002   PAD
    0x080038e0   0x080038e0   0x000000dc   Code   RO         4892    i.HAL_SDRAM_MspInit  sdram.o
    0x080039bc   0x080039bc   0x00000024   Code   RO         3306    i.HAL_SDRAM_ProgramRefreshRate  stm32f7xx_hal_sdram.o
    0x080039e0   0x080039e0   0x0000002e   Code   RO         3312    i.HAL_SDRAM_SendCommand  stm32f7xx_hal_sdram.o
    0x08003a0e   0x08003a0e   0x00000002   PAD
    0x08003a10   0x08003a10   0x000002d0   Code   RO         3834    i.HAL_SD_Get_CardInfo  stm32f7xx_hal_sd.o
    0x08003ce0   0x08003ce0   0x000003f8   Code   RO         3837    i.HAL_SD_Init       stm32f7xx_hal_sd.o
    0x080040d8   0x080040d8   0x00000088   Code   RO         5596    i.HAL_SD_MspInit    sdmmc_sdcard.o
    0x08004160   0x08004160   0x000001d0   Code   RO         3840    i.HAL_SD_ReadBlocks  stm32f7xx_hal_sd.o
    0x08004330   0x08004330   0x0000013c   Code   RO         3844    i.HAL_SD_WideBusOperation_Config  stm32f7xx_hal_sd.o
    0x0800446c   0x0800446c   0x00000240   Code   RO         3845    i.HAL_SD_WriteBlocks  stm32f7xx_hal_sd.o
    0x080046ac   0x080046ac   0x00000056   Code   RO         3181    i.HAL_SRAM_Init     stm32f7xx_hal_sram.o
    0x08004702   0x08004702   0x00000002   PAD
    0x08004704   0x08004704   0x00000078   Code   RO         4949    i.HAL_SRAM_MspInit  lcd.o
    0x0800477c   0x0800477c   0x00000016   Code   RO          833    i.HAL_SYSTICK_CLKSourceConfig  stm32f7xx_hal_cortex.o
    0x08004792   0x08004792   0x00000002   PAD
    0x08004794   0x08004794   0x00000028   Code   RO          835    i.HAL_SYSTICK_Config  stm32f7xx_hal_cortex.o
    0x080047bc   0x080047bc   0x00000002   Code   RO         2763    i.HAL_TIMEx_BreakCallback  stm32f7xx_hal_tim_ex.o
    0x080047be   0x080047be   0x00000002   Code   RO         2764    i.HAL_TIMEx_CommutationCallback  stm32f7xx_hal_tim_ex.o
    0x080047c0   0x080047c0   0x00000032   Code   RO         2161    i.HAL_TIM_Base_Init  stm32f7xx_hal_tim.o
    0x080047f2   0x080047f2   0x00000002   PAD
    0x080047f4   0x080047f4   0x0000002c   Code   RO         6012    i.HAL_TIM_Base_MspInit  timer.o
    0x08004820   0x08004820   0x00000018   Code   RO         2166    i.HAL_TIM_Base_Start_IT  stm32f7xx_hal_tim.o
    0x08004838   0x08004838   0x00000002   Code   RO         2190    i.HAL_TIM_IC_CaptureCallback  stm32f7xx_hal_tim.o
    0x0800483a   0x0800483a   0x00000184   Code   RO         2203    i.HAL_TIM_IRQHandler  stm32f7xx_hal_tim.o
    0x080049be   0x080049be   0x00000002   Code   RO         2206    i.HAL_TIM_OC_DelayElapsedCallback  stm32f7xx_hal_tim.o
    0x080049c0   0x080049c0   0x00000002   Code   RO         2233    i.HAL_TIM_PWM_PulseFinishedCallback  stm32f7xx_hal_tim.o
    0x080049c2   0x080049c2   0x00000002   PAD
    0x080049c4   0x080049c4   0x00000050   Code   RO         6013    i.HAL_TIM_PeriodElapsedCallback  timer.o
    0x08004a14   0x08004a14   0x00000002   Code   RO         2244    i.HAL_TIM_TriggerCallback  stm32f7xx_hal_tim.o
    0x08004a16   0x08004a16   0x00000002   Code   RO         1702    i.HAL_UART_ErrorCallback  stm32f7xx_hal_uart.o
    0x08004a18   0x08004a18   0x000002a8   Code   RO         1705    i.HAL_UART_IRQHandler  stm32f7xx_hal_uart.o
    0x08004cc0   0x08004cc0   0x0000006e   Code   RO         1706    i.HAL_UART_Init     stm32f7xx_hal_uart.o
    0x08004d2e   0x08004d2e   0x00000002   PAD
    0x08004d30   0x08004d30   0x0000008c   Code   RO         4774    i.HAL_UART_MspInit  usart.o
    0x08004dbc   0x08004dbc   0x0000014a   Code   RO         1709    i.HAL_UART_Receive  stm32f7xx_hal_uart.o
    0x08004f06   0x08004f06   0x00000002   Code   RO         1712    i.HAL_UART_RxCpltCallback  stm32f7xx_hal_uart.o
    0x08004f08   0x08004f08   0x00000002   Code   RO         1717    i.HAL_UART_TxCpltCallback  stm32f7xx_hal_uart.o
    0x08004f0a   0x08004f0a   0x00000002   Code   RO          414    i.HardFault_Handler  stm32f7xx_it.o
    0x08004f0c   0x08004f0c   0x00000050   Code   RO         5902    i.IIC_Init          myiic.o
    0x08004f5c   0x08004f5c   0x000000e8   Code   RO         5904    i.IIC_Read_Byte     myiic.o
    0x08005044   0x08005044   0x00000078   Code   RO         5905    i.IIC_Send_Byte     myiic.o
    0x080050bc   0x080050bc   0x00000050   Code   RO         5906    i.IIC_Start         myiic.o
    0x0800510c   0x0800510c   0x00000050   Code   RO         5907    i.IIC_Stop          myiic.o
    0x0800515c   0x0800515c   0x000000ac   Code   RO         5908    i.IIC_Wait_Ack      myiic.o
    0x08005208   0x08005208   0x00000080   Code   RO         4859    i.KEY_Init          key.o
    0x08005288   0x08005288   0x00000064   Code   RO         4951    i.LCD_Clear         lcd.o
    0x080052ec   0x080052ec   0x00000104   Code   RO         4955    i.LCD_Display_Dir   lcd.o
    0x080053f0   0x080053f0   0x00000260   Code   RO         4960    i.LCD_Fast_DrawPoint  lcd.o
    0x08005650   0x08005650   0x00000088   Code   RO         4961    i.LCD_Fill          lcd.o
    0x080056d8   0x080056d8   0x00004bf0   Code   RO         4962    i.LCD_Init          lcd.o
    0x0800a2c8   0x0800a2c8   0x000000dc   Code   RO         4966    i.LCD_ReadPoint     lcd.o
    0x0800a3a4   0x0800a3a4   0x00000320   Code   RO         4969    i.LCD_Scan_Dir      lcd.o
    0x0800a6c4   0x0800a6c4   0x000002bc   Code   RO         4970    i.LCD_SetCursor     lcd.o
    0x0800a980   0x0800a980   0x00000388   Code   RO         4971    i.LCD_Set_Window    lcd.o
    0x0800ad08   0x0800ad08   0x00000130   Code   RO         4972    i.LCD_ShowChar      lcd.o
    0x0800ae38   0x0800ae38   0x00000062   Code   RO         4974    i.LCD_ShowString    lcd.o
    0x0800ae9a   0x0800ae9a   0x00000002   PAD
    0x0800ae9c   0x0800ae9c   0x00000014   Code   RO         4979    i.LCD_WriteRAM_Prepare  lcd.o
    0x0800aeb0   0x0800aeb0   0x0000004c   Code   RO         4835    i.LED_Init          led.o
    0x0800aefc   0x0800aefc   0x00000020   Code   RO         5173    i.LTDC_Clear        ltdc.o
    0x0800af1c   0x0800af1c   0x000000c4   Code   RO         5175    i.LTDC_Color_Fill   ltdc.o
    0x0800afe0   0x0800afe0   0x00000028   Code   RO         5176    i.LTDC_Display_Dir  ltdc.o
    0x0800b008   0x0800b008   0x00000044   Code   RO         5177    i.LTDC_Draw_Point   ltdc.o
    0x0800b04c   0x0800b04c   0x000000c4   Code   RO         5178    i.LTDC_Fill         ltdc.o
    0x0800b110   0x0800b110   0x00000294   Code   RO         5179    i.LTDC_Init         ltdc.o
    0x0800b3a4   0x0800b3a4   0x000000b8   Code   RO         5183    i.LTDC_PanelID_Read  ltdc.o
    0x0800b45c   0x0800b45c   0x00000044   Code   RO         5184    i.LTDC_Read_Point   ltdc.o
    0x0800b4a0   0x0800b4a0   0x000001de   Code   RO         3492    i.LTDC_SetConfig    stm32f7xx_hal_ltdc.o
    0x0800b67e   0x0800b67e   0x00000002   PAD
    0x0800b680   0x0800b680   0x000000cc   Code   RO         6061    i.MPU_Memory_Protection  mpu.o
    0x0800b74c   0x0800b74c   0x00000078   Code   RO         6063    i.MemManage_Handler  mpu.o
    0x0800b7c4   0x0800b7c4   0x000001dc   Code   RO         5387    i.NAND_CopyPageWithWrite  nand.o
    0x0800b9a0   0x0800b9a0   0x00000080   Code   RO         5388    i.NAND_CopyPageWithoutWrite  nand.o
    0x0800ba20   0x0800ba20   0x0000005a   Code   RO         5389    i.NAND_Delay        nand.o
    0x0800ba7a   0x0800ba7a   0x00000002   PAD
    0x0800ba7c   0x0800ba7c   0x00000158   Code   RO         5390    i.NAND_ECC_Correction  nand.o
    0x0800bbd4   0x0800bbd4   0x00000054   Code   RO         5392    i.NAND_EraseBlock   nand.o
    0x0800bc28   0x0800bc28   0x00000198   Code   RO         5394    i.NAND_Init         nand.o
    0x0800bdc0   0x0800bdc0   0x000003c0   Code   RO         5398    i.NAND_ReadPage     nand.o
    0x0800c180   0x0800c180   0x00000080   Code   RO         5399    i.NAND_ReadPageComp  nand.o
    0x0800c200   0x0800c200   0x00000028   Code   RO         5400    i.NAND_ReadSpare    nand.o
    0x0800c228   0x0800c228   0x00000088   Code   RO         5403    i.NAND_WaitForReady  nand.o
    0x0800c2b0   0x0800c2b0   0x00000050   Code   RO         5404    i.NAND_WaitRB       nand.o
    0x0800c300   0x0800c300   0x00000174   Code   RO         5405    i.NAND_WritePage    nand.o
    0x0800c474   0x0800c474   0x00000060   Code   RO         5406    i.NAND_WritePageConst  nand.o
    0x0800c4d4   0x0800c4d4   0x0000002c   Code   RO         5407    i.NAND_WriteSpare   nand.o
    0x0800c500   0x0800c500   0x00000002   Code   RO          415    i.NMI_Handler       stm32f7xx_it.o
    0x0800c502   0x0800c502   0x00000002   PAD
    0x0800c504   0x0800c504   0x00000028   Code   RO         6101    i.OV2640_Auto_Exposure  ov2640.o
    0x0800c52c   0x0800c52c   0x0000003a   Code   RO         6102    i.OV2640_Brightness  ov2640.o
    0x0800c566   0x0800c566   0x00000028   Code   RO         6103    i.OV2640_Color_Bar  ov2640.o
    0x0800c58e   0x0800c58e   0x00000040   Code   RO         6104    i.OV2640_Color_Saturation  ov2640.o
    0x0800c5ce   0x0800c5ce   0x00000072   Code   RO         6105    i.OV2640_Contrast   ov2640.o
    0x0800c640   0x0800c640   0x0000004e   Code   RO         6106    i.OV2640_ImageSize_Set  ov2640.o
    0x0800c68e   0x0800c68e   0x00000090   Code   RO         6107    i.OV2640_ImageWin_Set  ov2640.o
    0x0800c71e   0x0800c71e   0x00000002   PAD
    0x0800c720   0x0800c720   0x00000110   Code   RO         6108    i.OV2640_Init       ov2640.o
    0x0800c830   0x0800c830   0x00000040   Code   RO         6109    i.OV2640_JPEG_Mode  ov2640.o
    0x0800c870   0x0800c870   0x00000070   Code   RO         6110    i.OV2640_Light_Mode  ov2640.o
    0x0800c8e0   0x0800c8e0   0x00000058   Code   RO         6111    i.OV2640_OutSize_Set  ov2640.o
    0x0800c938   0x0800c938   0x00000008   Code   RO         6112    i.OV2640_PWDN_Set   ov2640.o
    0x0800c940   0x0800c940   0x00000024   Code   RO         6113    i.OV2640_RGB565_Mode  ov2640.o
    0x0800c964   0x0800c964   0x00000070   Code   RO         6114    i.OV2640_Special_Effects  ov2640.o
    0x0800c9d4   0x0800c9d4   0x0000007c   Code   RO         6115    i.OV2640_Window_Set  ov2640.o
    0x0800ca50   0x0800ca50   0x00000078   Code   RO         5965    i.PCF8574_Init      pcf8574.o
    0x0800cac8   0x0800cac8   0x00000056   Code   RO         5968    i.PCF8574_WriteBit  pcf8574.o
    0x0800cb1e   0x0800cb1e   0x00000002   Code   RO          416    i.PendSV_Handler    stm32f7xx_it.o
    0x0800cb20   0x0800cb20   0x00000250   Code   RO         4214    i.QSPI_Config       stm32f7xx_hal_qspi.o
    0x0800cd70   0x0800cd70   0x00000044   Code   RO         5763    i.QSPI_Init         qspi.o
    0x0800cdb4   0x0800cdb4   0x00000024   Code   RO         5764    i.QSPI_Receive      qspi.o
    0x0800cdd8   0x0800cdd8   0x00000048   Code   RO         5765    i.QSPI_Send_CMD     qspi.o
    0x0800ce20   0x0800ce20   0x00000024   Code   RO         5766    i.QSPI_Transmit     qspi.o
    0x0800ce44   0x0800ce44   0x00000058   Code   RO         4221    i.QSPI_WaitFlagStateUntilTimeout  stm32f7xx_hal_qspi.o
    0x0800ce9c   0x0800ce9c   0x0000004c   Code   RO         6216    i.SCCB_Init         sccb.o
    0x0800cee8   0x0800cee8   0x0000019c   Code   RO         6219    i.SCCB_RD_Reg       sccb.o
    0x0800d084   0x0800d084   0x000000a4   Code   RO         6222    i.SCCB_WR_Byte      sccb.o
    0x0800d128   0x0800d128   0x000000ac   Code   RO         6223    i.SCCB_WR_Reg       sccb.o
    0x0800d1d4   0x0800d1d4   0x0000002e   Code   RO         3728    i.SDMMC_DataConfig  stm32f7xx_ll_sdmmc.o
    0x0800d202   0x0800d202   0x00000006   Code   RO         3729    i.SDMMC_GetCommandResponse  stm32f7xx_ll_sdmmc.o
    0x0800d208   0x0800d208   0x00000008   Code   RO         3732    i.SDMMC_GetPowerState  stm32f7xx_ll_sdmmc.o
    0x0800d210   0x0800d210   0x0000000e   Code   RO         3733    i.SDMMC_GetResponse  stm32f7xx_ll_sdmmc.o
    0x0800d21e   0x0800d21e   0x0000002a   Code   RO         3734    i.SDMMC_Init        stm32f7xx_ll_sdmmc.o
    0x0800d248   0x0800d248   0x00000008   Code   RO         3736    i.SDMMC_PowerState_ON  stm32f7xx_ll_sdmmc.o
    0x0800d250   0x0800d250   0x00000006   Code   RO         3737    i.SDMMC_ReadFIFO    stm32f7xx_ll_sdmmc.o
    0x0800d256   0x0800d256   0x0000002a   Code   RO         3738    i.SDMMC_SendCommand  stm32f7xx_ll_sdmmc.o
    0x0800d280   0x0800d280   0x0000000a   Code   RO         3740    i.SDMMC_WriteFIFO   stm32f7xx_ll_sdmmc.o
    0x0800d28a   0x0800d28a   0x00000002   PAD
    0x0800d28c   0x0800d28c   0x00000064   Code   RO         4893    i.SDRAM_Init        sdram.o
    0x0800d2f0   0x0800d2f0   0x0000008c   Code   RO         4894    i.SDRAM_Initialization_Sequence  sdram.o
    0x0800d37c   0x0800d37c   0x00000118   Code   RO         3849    i.SD_CmdResp1Error  stm32f7xx_hal_sd.o
    0x0800d494   0x0800d494   0x0000012c   Code   RO         3854    i.SD_FindSCR        stm32f7xx_hal_sd.o
    0x0800d5c0   0x0800d5c0   0x00000040   Code   RO         5598    i.SD_Init           sdmmc_sdcard.o
    0x0800d600   0x0800d600   0x00000170   Code   RO         3855    i.SD_IsCardProgramming  stm32f7xx_hal_sd.o
    0x0800d770   0x0800d770   0x00000088   Code   RO         5599    i.SD_ReadDisk       sdmmc_sdcard.o
    0x0800d7f8   0x0800d7f8   0x00000088   Code   RO         5600    i.SD_WriteDisk      sdmmc_sdcard.o
    0x0800d880   0x0800d880   0x00000002   Code   RO          417    i.SVC_Handler       stm32f7xx_it.o
    0x0800d882   0x0800d882   0x00000002   PAD
    0x0800d884   0x0800d884   0x000001a0   Code   RO         7160    i.Show_Str          text.o
    0x0800da24   0x0800da24   0x00000098   Code   RO         4728    i.Stm32_Clock_Init  sys.o
    0x0800dabc   0x0800dabc   0x00000004   Code   RO          418    i.SysTick_Handler   stm32f7xx_it.o
    0x0800dac0   0x0800dac0   0x00000060   Code   RO          485    i.SystemInit        system_stm32f7xx.o
    0x0800db20   0x0800db20   0x0000000c   Code   RO         6014    i.TIM3_IRQHandler   timer.o
    0x0800db2c   0x0800db2c   0x00000034   Code   RO         6279    i.TIM4_IRQHandler   usmart.o
    0x0800db60   0x0800db60   0x000000c4   Code   RO         2245    i.TIM_Base_SetConfig  stm32f7xx_hal_tim.o
    0x0800dc24   0x0800dc24   0x000000da   Code   RO         1719    i.UART_AdvFeatureConfig  stm32f7xx_hal_uart.o
    0x0800dcfe   0x0800dcfe   0x00000060   Code   RO         1720    i.UART_CheckIdleState  stm32f7xx_hal_uart.o
    0x0800dd5e   0x0800dd5e   0x00000014   Code   RO         1721    i.UART_DMAAbortOnError  stm32f7xx_hal_uart.o
    0x0800dd72   0x0800dd72   0x00000002   PAD
    0x0800dd74   0x0800dd74   0x000002bc   Code   RO         1727    i.UART_SetConfig    stm32f7xx_hal_uart.o
    0x0800e030   0x0800e030   0x00000076   Code   RO         1728    i.UART_WaitOnFlagUntilTimeout  stm32f7xx_hal_uart.o
    0x0800e0a6   0x0800e0a6   0x00000002   PAD
    0x0800e0a8   0x0800e0a8   0x00000078   Code   RO         4775    i.USART1_IRQHandler  usart.o
    0x0800e120   0x0800e120   0x00000002   Code   RO          419    i.UsageFault_Handler  stm32f7xx_it.o
    0x0800e122   0x0800e122   0x00000002   PAD
    0x0800e124   0x0800e124   0x000000ec   Code   RO         5654    i.W25QXX_Init       w25qxx.o
    0x0800e210   0x0800e210   0x00000098   Code   RO         5656    i.W25QXX_Qspi_Enable  w25qxx.o
    0x0800e2a8   0x0800e2a8   0x0000001c   Code   RO         5657    i.W25QXX_Read       w25qxx.o
    0x0800e2c4   0x0800e2c4   0x00000040   Code   RO         5660    i.W25QXX_Wait_Busy  w25qxx.o
    0x0800e304   0x0800e304   0x000001c4   Code   RO         5661    i.W25QXX_Write      w25qxx.o
    0x0800e4c8   0x0800e4c8   0x00000020   Code   RO         8774    i.__0printf         mc_w.l(printfa.o)
    0x0800e4e8   0x0800e4e8   0x0000000a   Code   RO         6436    i.__ARM_common_memclr4_10  usmart_str.o
    0x0800e4f2   0x0800e4f2   0x0000000e   Code   RO         8938    i.__scatterload_copy  mc_w.l(handlers.o)
    0x0800e500   0x0800e500   0x00000002   Code   RO         8939    i.__scatterload_null  mc_w.l(handlers.o)
    0x0800e502   0x0800e502   0x0000000e   Code   RO         8940    i.__scatterload_zeroinit  mc_w.l(handlers.o)
    0x0800e510   0x0800e510   0x00000184   Code   RO         8781    i._fp_digits        mc_w.l(printfa.o)
    0x0800e694   0x0800e694   0x000006b4   Code   RO         8782    i._printf_core      mc_w.l(printfa.o)
    0x0800ed48   0x0800ed48   0x00000024   Code   RO         8783    i._printf_post_padding  mc_w.l(printfa.o)
    0x0800ed6c   0x0800ed6c   0x0000002e   Code   RO         8784    i._printf_pre_padding  mc_w.l(printfa.o)
    0x0800ed9a   0x0800ed9a   0x00000002   PAD
    0x0800ed9c   0x0800ed9c   0x000001c8   Code   RO         7368    i.bmp_encode        bmp.o
    0x0800ef64   0x0800ef64   0x000001cc   Code   RO         6549    i.create_chain      ff.o
    0x0800f130   0x0800f130   0x00000014   Code   RO         4686    i.delay_init        delay.o
    0x0800f144   0x0800f144   0x00000048   Code   RO         4687    i.delay_ms          delay.o
    0x0800f18c   0x0800f18c   0x00000038   Code   RO         4688    i.delay_us          delay.o
    0x0800f1c4   0x0800f1c4   0x00000278   Code   RO         6550    i.dir_find          ff.o
    0x0800f43c   0x0800f43c   0x00000188   Code   RO         6551    i.dir_next          ff.o
    0x0800f5c4   0x0800f5c4   0x00000264   Code   RO         6552    i.dir_read          ff.o
    0x0800f828   0x0800f828   0x00000500   Code   RO         6553    i.dir_register      ff.o
    0x0800fd28   0x0800fd28   0x000000a8   Code   RO         6554    i.dir_sdi           ff.o
    0x0800fdd0   0x0800fdd0   0x00000028   Code   RO         6825    i.disk_initialize   diskio.o
    0x0800fdf8   0x0800fdf8   0x000000bc   Code   RO         6826    i.disk_ioctl        diskio.o
    0x0800feb4   0x0800feb4   0x0000006c   Code   RO         6827    i.disk_read         diskio.o
    0x0800ff20   0x0800ff20   0x00000004   Code   RO         6828    i.disk_status       diskio.o
    0x0800ff24   0x0800ff24   0x0000006c   Code   RO         6829    i.disk_write        diskio.o
    0x0800ff90   0x0800ff90   0x0000006c   Code   RO         6897    i.exfuns_init       exfuns.o
    0x0800fffc   0x0800fffc   0x00000020   Code   RO         6555    i.f_close           ff.o
    0x0801001c   0x0801001c   0x000002b8   Code   RO         6561    i.f_mkdir           ff.o
    0x080102d4   0x080102d4   0x0000007c   Code   RO         6563    i.f_mount           ff.o
    0x08010350   0x08010350   0x00000328   Code   RO         6564    i.f_open            ff.o
    0x08010678   0x08010678   0x000001fa   Code   RO         6574    i.f_sync            ff.o
    0x08010872   0x08010872   0x0000023a   Code   RO         6577    i.f_write           ff.o
    0x08010aac   0x08010aac   0x00000088   Code   RO         7127    i.ff_convert        mycc936.o
    0x08010b34   0x08010b34   0x00000008   Code   RO         6830    i.ff_memalloc       diskio.o
    0x08010b3c   0x08010b3c   0x00000008   Code   RO         6831    i.ff_memfree        diskio.o
    0x08010b44   0x08010b44   0x00000028   Code   RO         7128    i.ff_wtoupper       mycc936.o
    0x08010b6c   0x08010b6c   0x00000630   Code   RO         6578    i.find_volume       ff.o
    0x0801119c   0x0801119c   0x00000364   Code   RO         6579    i.follow_path       ff.o
    0x08011500   0x08011500   0x0000003c   Code   RO         7199    i.font_init         fontupd.o
    0x0801153c   0x0801153c   0x00000014   Code   RO         4777    i.fputc             usart.o
    0x08011550   0x08011550   0x00000166   Code   RO         6580    i.get_fat           ff.o
    0x080116b6   0x080116b6   0x00000004   Code   RO         6832    i.get_fattime       diskio.o
    0x080116ba   0x080116ba   0x00000002   PAD
    0x080116bc   0x080116bc   0x00000010   Code   RO            5    i.jpeg_data_process  main.o
    0x080116cc   0x080116cc   0x00000068   Code   RO         6582    i.ld_qword          ff.o
    0x08011734   0x08011734   0x000000f2   Code   RO         6583    i.load_xdir         ff.o
    0x08011826   0x08011826   0x00000002   PAD
    0x08011828   0x08011828   0x000003d4   Code   RO            6    i.main              main.o
    0x08011bfc   0x08011bfc   0x00000056   Code   RO         6584    i.mem_cpy           ff.o
    0x08011c52   0x08011c52   0x00000038   Code   RO         6585    i.mem_set           ff.o
    0x08011c8a   0x08011c8a   0x00000036   Code   RO         6586    i.move_window       ff.o
    0x08011cc0   0x08011cc0   0x0000003c   Code   RO         6472    i.my_mem_init       malloc.o
    0x08011cfc   0x08011cfc   0x000000cc   Code   RO         6473    i.my_mem_malloc     malloc.o
    0x08011dc8   0x08011dc8   0x00000040   Code   RO         6474    i.my_mem_perused    malloc.o
    0x08011e08   0x08011e08   0x00000080   Code   RO         6475    i.myfree            malloc.o
    0x08011e88   0x08011e88   0x00000024   Code   RO         6476    i.mymalloc          malloc.o
    0x08011eac   0x08011eac   0x00000026   Code   RO         6478    i.mymemset          malloc.o
    0x08011ed2   0x08011ed2   0x00000008   Code   RO         7407    i.pic_memalloc      piclib.o
    0x08011eda   0x08011eda   0x00000008   Code   RO         7408    i.pic_memfree       piclib.o
    0x08011ee2   0x08011ee2   0x00000138   Code   RO         6587    i.put_fat           ff.o
    0x0801201a   0x0801201a   0x00000004   Code   RO         6281    i.read_addr         usmart.o
    0x0801201e   0x0801201e   0x00000152   Code   RO         6589    i.remove_chain      ff.o
    0x08012170   0x08012170   0x00000064   Code   RO            7    i.rgblcd_dcmi_rx_callback  main.o
    0x080121d4   0x080121d4   0x00000038   Code   RO         6590    i.st_qword          ff.o
    0x0801220c   0x0801220c   0x0000009a   Code   RO         6591    i.store_xdir        ff.o
    0x080122a6   0x080122a6   0x000000b6   Code   RO         6592    i.sync_fs           ff.o
    0x0801235c   0x0801235c   0x00000054   Code   RO         6593    i.sync_window       ff.o
    0x080123b0   0x080123b0   0x00000028   Code   RO         4778    i.uart_init         usart.o
    0x080123d8   0x080123d8   0x000000b0   Code   RO         6282    i.usmart_cmd_rec    usmart.o
    0x08012488   0x08012488   0x000002e4   Code   RO         6283    i.usmart_exe        usmart.o
    0x0801276c   0x0801276c   0x000000b6   Code   RO         6366    i.usmart_get_aparm  usmart_str.o
    0x08012822   0x08012822   0x00000002   PAD
    0x08012824   0x08012824   0x0000004a   Code   RO         6367    i.usmart_get_cmdname  usmart_str.o
    0x0801286e   0x0801286e   0x00000002   PAD
    0x08012870   0x08012870   0x000001b8   Code   RO         6368    i.usmart_get_fname  usmart_str.o
    0x08012a28   0x08012a28   0x00000310   Code   RO         6369    i.usmart_get_fparam  usmart_str.o
    0x08012d38   0x08012d38   0x00000058   Code   RO         6370    i.usmart_get_parmpos  usmart_str.o
    0x08012d90   0x08012d90   0x0000006c   Code   RO         6285    i.usmart_init       usmart.o
    0x08012dfc   0x08012dfc   0x000000ac   Code   RO         6287    i.usmart_scan       usmart.o
    0x08012ea8   0x08012ea8   0x00000116   Code   RO         6373    i.usmart_str2num    usmart_str.o
    0x08012fbe   0x08012fbe   0x0000001a   Code   RO         6374    i.usmart_strcmp     usmart_str.o
    0x08012fd8   0x08012fd8   0x0000069c   Code   RO         6288    i.usmart_sys_cmd_exe  usmart.o
    0x08013674   0x08013674   0x00000036   Code   RO         6594    i.validate          ff.o
    0x080136aa   0x080136aa   0x00000004   Code   RO         6289    i.write_addr        usmart.o
    0x080136ae   0x080136ae   0x00000010   Data   RO          486    .constdata          system_stm32f7xx.o
    0x080136be   0x080136be   0x00000008   Data   RO          487    .constdata          system_stm32f7xx.o
    0x080136c6   0x080136c6   0x00000008   Data   RO          951    .constdata          stm32f7xx_hal_dma.o
    0x080136ce   0x080136ce   0x00004740   Data   RO         4983    .constdata          lcd.o
    0x08017e0e   0x08017e0e   0x000001c4   Data   RO         6117    .constdata          ov2640.o
    0x08017fd2   0x08017fd2   0x00000002   PAD
    0x08017fd4   0x08017fd4   0x00000024   Data   RO         6486    .constdata          malloc.o
    0x08017ff8   0x08017ff8   0x0000004a   Data   RO         6596    .constdata          ff.o
    0x08018042   0x08018042   0x000003c0   Data   RO         7129    .constdata          mycc936.o
    0x08018402   0x08018402   0x00000002   PAD
    0x08018404   0x08018404   0x00000028   Data   RO         6291    .conststring        usmart.o
    0x0801842c   0x0801842c   0x00000329   Data   RO         6445    .conststring        usmart_config.o
    0x08018755   0x08018755   0x00000003   PAD
    0x08018758   0x08018758   0x00000020   Data   RO         8936    Region$$Table       anon$$obj.o


    Execution Region RW_IRAM1 (Exec base: 0x20020000, Load base: 0x08018778, Size: 0x00051f48, Max: 0x00060000, ABSOLUTE, COMPRESSED[0x000000e4])

    Exec Addr    Load Addr    Size         Type   Attr      Idx    E Section Name        Object

    0x20020000   COMPRESSED   0x00000004   Data   RW           13    .data               main.o
    0x20020004   COMPRESSED   0x00000004   Data   RW           15    .data               main.o
    0x20020008   COMPRESSED   0x00000004   Data   RW          488    .data               system_stm32f7xx.o
    0x2002000c   COMPRESSED   0x00000004   Data   RW          675    .data               stm32f7xx_hal.o
    0x20020010   COMPRESSED   0x00000004   Data   RW         4689    .data               delay.o
    0x20020014   COMPRESSED   0x00000002   Data   RW         4780    .data               usart.o
    0x20020016   COMPRESSED   0x00000002   PAD
    0x20020018   COMPRESSED   0x00000004   Data   RW         4781    .data               usart.o
    0x2002001c   COMPRESSED   0x00000008   Data   RW         4984    .data               lcd.o
    0x20020024   COMPRESSED   0x00000008   Data   RW         5190    .data               ltdc.o
    0x2002002c   COMPRESSED   0x00000004   Data   RW         5296    .data               ftl.o
    0x20020030   COMPRESSED   0x00000004   Data   RW         5668    .data               w25qxx.o
    0x20020034   COMPRESSED   0x00000008   Data   RW         5827    .data               dcmi.o
    0x2002003c   COMPRESSED   0x0000001c   Data   RW         6292    .data               usmart.o
    0x20020058   COMPRESSED   0x000000a0   Data   RW         6446    .data               usmart_config.o
    0x200200f8   COMPRESSED   0x000000f4   Data   RW         6447    .data               usmart_config.o
    0x200201ec   COMPRESSED   0x00000024   Data   RW         6487    .data               malloc.o
    0x20020210   COMPRESSED   0x00000002   Data   RW         6597    .data               ff.o
    0x20020212   COMPRESSED   0x00000002   PAD
    0x20020214   COMPRESSED   0x0000000c   Data   RW         6904    .data               exfuns.o
    0x20020220   COMPRESSED   0x00000004   Data   RW         6906    .data               exfuns.o
    0x20020224        -       0x00000690   Zero   RW           10    .bss                main.o
    0x200208b4        -       0x00000138   Zero   RW         4779    .bss                usart.o
    0x200209ec        -       0x00000034   Zero   RW         4896    .bss                sdram.o
    0x20020a20        -       0x0000005a   Zero   RW         4982    .bss                lcd.o
    0x20020a7a   COMPRESSED   0x00000002   PAD
    0x20020a7c        -       0x000000c8   Zero   RW         5188    .bss                ltdc.o
    0x20020b44        -       0x00000094   Zero   RW         5408    .bss                nand.o
    0x20020bd8        -       0x000002b8   Zero   RW         5601    .bss                sdmmc_sdcard.o
    0x20020e90        -       0x00001000   Zero   RW         5667    .bss                w25qxx.o
    0x20021e90        -       0x00000044   Zero   RW         5767    .bss                qspi.o
    0x20021ed4        -       0x000000b0   Zero   RW         5826    .bss                dcmi.o
    0x20021f84        -       0x0000003c   Zero   RW         6016    .bss                timer.o
    0x20021fc0        -       0x0000003c   Zero   RW         6290    .bss                usmart.o
    0x20021ffc   COMPRESSED   0x00000004   PAD
    0x20022000        -       0x0004b000   Zero   RW         6484    .bss                malloc.o
    0x2006d000        -       0x00004b00   Zero   RW         6485    .bss                malloc.o
    0x20071b00        -       0x0000000c   Zero   RW         6595    .bss                ff.o
    0x20071b0c        -       0x0000000c   Zero   RW         6899    .bss                exfuns.o
    0x20071b18        -       0x00000029   Zero   RW         7203    .bss                fontupd.o
    0x20071b41   COMPRESSED   0x00000007   PAD
    0x20071b48        -       0x00000400   Zero   RW          640    STACK               startup_stm32f767xx.o



  Load Region LR$$.ARM.__AT_0x20000000 (Base: 0x20000000, Size: 0x00000000, Max: 0x0000f000, ABSOLUTE)

    Execution Region ER$$.ARM.__AT_0x20000000 (Exec base: 0x20000000, Load base: 0x20000000, Size: 0x0000f000, Max: 0x0000f000, ABSOLUTE, UNINIT)

    Exec Addr    Load Addr    Size         Type   Attr      Idx    E Section Name        Object

    0x20000000        -       0x0000f000   Zero   RW         6480    .ARM.__AT_0x20000000  malloc.o



  Load Region LR$$.ARM.__AT_0x2000F000 (Base: 0x2000f000, Size: 0x00000000, Max: 0x00000f00, ABSOLUTE)

    Execution Region ER$$.ARM.__AT_0x2000F000 (Exec base: 0x2000f000, Load base: 0x2000f000, Size: 0x00000f00, Max: 0x00000f00, ABSOLUTE, UNINIT)

    Exec Addr    Load Addr    Size         Type   Attr      Idx    E Section Name        Object

    0x2000f000        -       0x00000f00   Zero   RW         6481    .ARM.__AT_0x2000F000  malloc.o



  Load Region LR$$.ARM.__AT_0xC0000000 (Base: 0xc0000000, Size: 0x00000000, Max: 0x001f4000, ABSOLUTE)

    Execution Region ER$$.ARM.__AT_0xC0000000 (Exec base: 0xc0000000, Load base: 0xc0000000, Size: 0x001f4000, Max: 0x001f4000, ABSOLUTE, UNINIT)

    Exec Addr    Load Addr    Size         Type   Attr      Idx    E Section Name        Object

    0xc0000000        -       0x001f4000   Zero   RW         5187    .ARM.__AT_0xC0000000  ltdc.o



  Load Region LR$$.ARM.__AT_0xC01F4000 (Base: 0xc01f4000, Size: 0x00000000, Max: 0x01c3c000, ABSOLUTE)

    Execution Region ER$$.ARM.__AT_0xC01F4000 (Exec base: 0xc01f4000, Load base: 0xc01f4000, Size: 0x01c3c000, Max: 0x01c3c000, ABSOLUTE, UNINIT)

    Exec Addr    Load Addr    Size         Type   Attr      Idx    E Section Name        Object

    0xc01f4000        -       0x01c3c000   Zero   RW         6482    .ARM.__AT_0xC01F4000  malloc.o



  Load Region LR$$.ARM.__AT_0xC1E30000 (Base: 0xc1e30000, Size: 0x00000000, Max: 0x001c3c00, ABSOLUTE)

    Execution Region ER$$.ARM.__AT_0xC1E30000 (Exec base: 0xc1e30000, Load base: 0xc1e30000, Size: 0x001c3c00, Max: 0x001c3c00, ABSOLUTE, UNINIT)

    Exec Addr    Load Addr    Size         Type   Attr      Idx    E Section Name        Object

    0xc1e30000        -       0x001c3c00   Zero   RW         6483    .ARM.__AT_0xC1E30000  malloc.o


==============================================================================

Image component sizes


      Code (inc. data)   RO Data    RW Data    ZI Data      Debug   Object Name

       456         10          0          0          0       1993   bmp.o
       968        156          0          8        176       6463   dcmi.o
       148         14          0          4          0       2491   delay.o
       468         10          0          0          0       5615   diskio.o
       108         10          0         16         12       2181   exfuns.o
     10812         78         74          2         12      58478   ff.o
        60          4          0          0         41       2107   fontupd.o
      2200        270          0          4          0      10151   ftl.o
       128         16          0          0          0        927   key.o
     23710        228      18240          8         90     103378   lcd.o
        76          8          0          0          0        819   led.o
      1684        138          0          8    2048200       9936   ltdc.o
      1096        310          0          8       1680     502935   main.o
       530         52         36         36   31847936       6537   malloc.o
       324         66          0          0          0      33520   mpu.o
       176         16        960          0          0       1911   mycc936.o
       764         30          0          0          0       4090   myiic.o
      3558        312          0          0        148      18891   nand.o
      1354         68        452          0          0      11537   ov2640.o
       206         10          0          0          0       2001   pcf8574.o
        16          0          0          0          0        965   piclib.o
       364         44          0          0         68       3617   qspi.o
       824         24          0          0          0       3615   sccb.o
       472         44          0          0        696       3883   sdmmc_sdcard.o
       460         40          0          0         52       3056   sdram.o
        36          8        504          0       1024        808   startup_stm32f767xx.o
       128         22          0          4          0       4129   stm32f7xx_hal.o
       314         18          0          0          0      36356   stm32f7xx_hal_cortex.o
       434         10          0          0          0       5557   stm32f7xx_hal_dcmi.o
       668         22          8          0          0       4579   stm32f7xx_hal_dma.o
       124          0          0          0          0       1621   stm32f7xx_hal_dma_ex.o
       628         20          0          0          0       3680   stm32f7xx_hal_gpio.o
      1024          6          0          0          0       4637   stm32f7xx_hal_ltdc.o
        82          0          0          0          0       1335   stm32f7xx_hal_nand.o
       124          8          0          0          0       1216   stm32f7xx_hal_pwr_ex.o
      1418          4          0          0          0       7510   stm32f7xx_hal_qspi.o
       772         76          0          0          0       3946   stm32f7xx_hal_rcc.o
      2956         66          0          0          0       3680   stm32f7xx_hal_rcc_ex.o
      4040         10          0          0          0      18369   stm32f7xx_hal_sd.o
       148          0          0          0          0       2688   stm32f7xx_hal_sdram.o
        86          0          0          0          0       1188   stm32f7xx_hal_sram.o
       666         20          0          0          0       7275   stm32f7xx_hal_tim.o
         4          0          0          0          0       1802   stm32f7xx_hal_tim_ex.o
      2278         42          0          0          0      10639   stm32f7xx_hal_uart.o
        18          0          0          0          0       3378   stm32f7xx_it.o
       814         20          0          0          0       8069   stm32f7xx_ll_fmc.o
       182          0          0          0          0       6058   stm32f7xx_ll_sdmmc.o
       292         24          0          0          0      33905   sys.o
        96         20         24          4          0       1099   system_stm32f7xx.o
       636         12          0          0          0       3861   text.o
       136         54          0          0         60       2157   timer.o
       320         36          0          6        312       4179   usart.o
      2948       1342         40         28         60       6979   usmart.o
         0          0        809        404          0       1556   usmart_config.o
      1882         22          0          0          0      10847   usmart_str.o
       932         24          0          4       4096       6486   w25qxx.o

    ----------------------------------------------------------------------
     75206       3844      21186        548   33904676    1010686   Object Totals
         0          0         32          0          0          0   (incl. Generated)
        58          0          7          4         13          0   (incl. Padding)

    ----------------------------------------------------------------------

      Code (inc. data)   RO Data    RW Data    ZI Data      Debug   Library Member Name

        86          0          0          0          0          0   __dczerorl2.o
         0          0          0          0          0          0   entry.o
         0          0          0          0          0          0   entry10a.o
         0          0          0          0          0          0   entry11a.o
         4          0          0          0          0          0   entry12b.o
         8          4          0          0          0          0   entry2.o
         4          0          0          0          0          0   entry5.o
         0          0          0          0          0          0   entry7b.o
         0          0          0          0          0          0   entry8b.o
         8          4          0          0          0          0   entry9a.o
        30          0          0          0          0          0   handlers.o
        36          8          0          0          0         68   init.o
         0          0          0          0          0          0   iusefp.o
        30          0          0          0          0         68   llshl.o
        36          0          0          0          0         68   llsshr.o
        32          0          0          0          0         68   llushr.o
        36          0          0          0          0         68   memcpya.o
        36          0          0          0          0        108   memseta.o
      2218         90          0          0          0        464   printfa.o
        44          0          0          0          0         80   uidiv.o
        98          0          0          0          0         92   uldiv.o
        48          0          0          0          0         68   cdrcmple.o
       334          0          0          0          0        148   dadd.o
       222          0          0          0          0        100   ddiv.o
       186          0          0          0          0        176   depilogue.o
        50          0          0          0          0         76   dfixui.o
        48          0          0          0          0         68   dfixul.o
       228          0          0          0          0         96   dmul.o

    ----------------------------------------------------------------------
      3824        106          0          0          0       1816   Library Totals
         2          0          0          0          0          0   (incl. Padding)

    ----------------------------------------------------------------------

      Code (inc. data)   RO Data    RW Data    ZI Data      Debug   Library Name

      2706        106          0          0          0       1084   mc_w.l
      1116          0          0          0          0        732   mf_w.l

    ----------------------------------------------------------------------
      3824        106          0          0          0       1816   Library Totals

    ----------------------------------------------------------------------

==============================================================================


      Code (inc. data)   RO Data    RW Data    ZI Data      Debug   

     79030       3950      21186        548   33904676     983250   Grand Totals
     79030       3950      21186        228   33904676     983250   ELF Image Totals (compressed)
     79030       3950      21186        228          0          0   ROM Totals

==============================================================================

    Total RO  Size (Code + RO Data)               100216 (  97.87kB)
    Total RW  Size (RW Data + ZI Data)          33905224 (33110.57kB)
    Total ROM Size (Code + RO Data + RW Data)     100444 (  98.09kB)

==============================================================================

